******************************************************************************
                  TI ARM Linker Unix v20.2.1                   
******************************************************************************
>> Linked Thu Dec 24 17:16:29 2020

OUTPUT FILE NAME:   <uartecho_CC1352R1_LAUNCHXL_tirtos_ccs.out>
ENTRY POINT SYMBOL: "ResetISR"  address: 00002dcd


MEMORY CONFIGURATION

         name            origin    length      used     unused   attr    fill
----------------------  --------  ---------  --------  --------  ----  --------
  FLASH                 00000000   00058000  00004c1b  000533e5  R  X
  GPRAM                 11000000   00002000  00000000  00002000  RW X
  SRAM                  20000000   00014000  000050b9  0000ef47  RW X
  LOG_DATA              90000000   00040000  00000000  00040000  R   


SEGMENT ALLOCATION MAP

run origin  load origin   length   init length attrs members
----------  ----------- ---------- ----------- ----- -------
00000000    00000000    00004bc8   00004bc8    r-x
  00000000    00000000    0000003c   0000003c    r-- .resetVecs
  0000003c    0000003c    00004340   00004340    r-x .text
  0000437c    0000437c    0000066f   0000066f    r-- .const
  000049f0    000049f0    000001d8   000001d8    r-- .cinit
00057fa8    00057fa8    00000058   00000058    r--
  00057fa8    00057fa8    00000058   00000058    r-- .ccfg
20000100    20000100    0000000c   00000000    rw-
  20000100    20000100    00000004   00000000    rw- .data:xdcRomConstPtr
  20000104    20000104    00000004   00000000    rw- .data:xdcRomExternFuncPtr
  20000108    20000108    00000004   00000000    rw- .data:xdcRomStatePtr
20000110    20000110    00004000   00000000    r--
  20000110    20000110    00004000   00000000    r-- .priheap
20004110    20004110    00000bdc   00000000    rw-
  20004110    20004110    00000629   00000000    rw- .bss
  20004740    20004740    000005ac   00000000    rw- .data
20013c00    20013c00    00000400   00000000    rw-
  20013c00    20013c00    00000400   00000000    rw- .stack


SECTION ALLOCATION MAP

 output                                  attributes/
section   page    origin      length       input sections
--------  ----  ----------  ----------   ----------------
.binit     0    00000000    00000000     

.cinit     0    000049f0    000001d8     
                  000049f0    00000184     (.cinit..data.load) [load image, compression = lzss]
                  00004b74    0000000c     (__TI_handler_table)
                  00004b80    00000008     (.cinit..bss.load) [load image, compression = zero_init]
                  00004b88    00000008     (.cinit..data:xdcRomConstPtr.load) [load image, compression = lzss]
                  00004b90    00000008     (.cinit..data:xdcRomExternFuncPtr.load) [load image, compression = lzss]
                  00004b98    00000008     (.cinit..data:xdcRomStatePtr.load) [load image, compression = lzss]
                  00004ba0    00000028     (__TI_cinit_table)

.init_array 
*          0    00000000    00000000     UNINITIALIZED

.ccfg      0    00057fa8    00000058     
                  00057fa8    00000058     ti_devices_config.obj (.ccfg:retain)

.bss       0    20004110    00000629     UNINITIALIZED
                  20004110    00000200     release_pem4f.oem4f (.bss:taskStackSection)
                  20004310    000001b4     (.common:uartCC26XXObjects)
                  200044c4    000000d8     (.common:ti_sysbios_family_arm_m3_Hwi_dispatchTable)
                  2000459c    0000007c     (.common:pinHandleTable)
                  20004618    00000050     drivers_cc13x2.a : PINCC26XX.oem4f (.bss:pinSemaphore)
                  20004668    00000034                      : PINCC26XX.oem4f (.bss:pinSwi)
                  2000469c    00000020                      : GPIOCC26XX.oem4f (.bss:gpioCallbackInfo)
                  200046bc    00000020                      : PINCC26XX.oem4f (.bss:pinGpioConfigTable)
                  200046dc    00000020     ti_drivers_config.obj (.bss:uartCC26XXRingBuffer0)
                  200046fc    0000001c     drivers_cc13x2.a : PINCC26XX.oem4f (.bss:pinHwi)
                  20004718    0000000c                      : GPIOCC26XX.oem4f (.bss:gpioPinState)
                  20004724    00000008                      : GPIOCC26XX.oem4f (.bss)
                  2000472c    00000004                      : PINCC26XX.oem4f (.bss)
                  20004730    00000004     (.common:PowerCC26XX_swiKey)
                  20004734    00000004     (.common:PowerCC26XX_taskKey)
                  20004738    00000001     (.common:driverlib_release_0_58048)

.data      0    20004740    000005ac     UNINITIALIZED
                  20004740    00000170     drivers_cc13x2.a : PowerCC26X2.oem4f (.data:PowerCC26X2_module)
                  200048b0    0000010c     release_pem4f.oem4f (.data:ROM_stateStruct)
                  200049bc    00000088     rom_sysbios.aem4f : rom_sysbios.obj (.data:$O1$$)
                  20004a44    00000054     release_pem4f.oem4f (.data:ti_sysbios_gates_GateMutex_Object__table__V)
                  20004a98    0000004c     release_pem4f.oem4f (.data:ti_sysbios_knl_Task_Object__table__V)
                  20004ae4    00000004     ti_drivers_config.obj (.data:gpioCallbackFunctions)
                  20004ae8    00000048     release_pem4f.oem4f (.data:ti_sysbios_family_arm_cc26xx_Timer_Object__table__V)
                  20004b30    00000030     release_pem4f.oem4f (.data:ti_sysbios_knl_Swi_Module_State_0_readyQ__A)
                  20004b60    00000030     release_pem4f.oem4f (.data:ti_sysbios_knl_Swi_Object__table__V)
                  20004b90    00000030     release_pem4f.oem4f (.data:ti_sysbios_knl_Task_Module_State_0_readyQ__A)
                  20004bc0    00000024     driverlib.lib : osc.obj (.data:$O1$$)
                  20004be4    00000020     release_pem4f.oem4f (.data:ti_sysbios_knl_Clock_Object__table__V)
                  20004c04    00000020     release_pem4f.oem4f (.data:xdc_runtime_Error_IgnoreBlock)
                  20004c24    00000018     release_pem4f.oem4f (.data:ti_sysbios_family_arm_m3_Hwi_Object__table__V)
                  20004c3c    00000018     release_pem4f.oem4f (.data:ti_sysbios_heaps_HeapMem_Object__table__V)
                  20004c54    00000008     rtsv7M4_T_le_v4SPD16_eabi.lib : _lock.c.obj (.data:$O1$$)
                  20004c5c    00000008     drivers_cc13x2.a : PINCC26XX.oem4f (.data)
                  20004c64    00000008     release_pem4f.oem4f (.data:ti_sysbios_family_arm_m3_Hwi_Module__root__V)
                  20004c6c    00000008     release_pem4f.oem4f (.data:ti_sysbios_gates_GateHwi_Module__root__V)
                  20004c74    00000008     release_pem4f.oem4f (.data:ti_sysbios_gates_GateMutex_Module__root__V)
                  20004c7c    00000008     release_pem4f.oem4f (.data:ti_sysbios_hal_Hwi_Module__root__V)
                  20004c84    00000008     release_pem4f.oem4f (.data:ti_sysbios_heaps_HeapMem_Module__root__V)
                  20004c8c    00000008     release_pem4f.oem4f (.data:ti_sysbios_knl_Clock_Module__root__V)
                  20004c94    00000008     release_pem4f.oem4f (.data:ti_sysbios_knl_Event_Module__root__V)
                  20004c9c    00000008     release_pem4f.oem4f (.data:ti_sysbios_knl_Mailbox_Module__root__V)
                  20004ca4    00000008     release_pem4f.oem4f (.data:ti_sysbios_knl_Queue_Module__root__V)
                  20004cac    00000008     release_pem4f.oem4f (.data:ti_sysbios_knl_Semaphore_Module__root__V)
                  20004cb4    00000008     release_pem4f.oem4f (.data:ti_sysbios_knl_Swi_Module__root__V)
                  20004cbc    00000008     release_pem4f.oem4f (.data:ti_sysbios_knl_Task_Module__root__V)
                  20004cc4    00000008     release_pem4f.oem4f (.data:xdc_runtime_System_Module_State_0_atexitHandlers__A)
                  20004ccc    00000005     drivers_cc13x2.a : GPIOCC26XX.oem4f (.data)
                  20004cd1    00000001                      : UART.oem4f (.data)
                  20004cd2    00000002     release_pem4f.oem4f (.data:ti_sysbios_family_arm_m3_Hwi_Module_State_0_excActive__A)
                  20004cd4    00000004     ti_drivers_config.obj (.data:gpioPinConfigs)
                  20004cd8    00000004     drivers_cc13x2.a : GPIOCC26XX.oem4f (.data:gpioPinTable)
                  20004cdc    00000004     rtsv7M4_T_le_v4SPD16_eabi.lib : stkdepth_vars.c.obj (.data)
                  20004ce0    00000004     release_pem4f.oem4f (.data:ti_sysbios_family_arm_m3_Hwi_Module_State_0_excContext__A)
                  20004ce4    00000004     release_pem4f.oem4f (.data:ti_sysbios_family_arm_m3_Hwi_Module_State_0_excStack__A)
                  20004ce8    00000004     release_pem4f.oem4f (.data:ti_sysbios_knl_Task_Module_State_0_idleTask__A)

.stack     0    20013c00    00000400     UNINITIALIZED
                  20013c00    00000400     --HOLE--

.priheap   0    20000110    00004000     UNINITIALIZED
                  20000110    00004000     --HOLE--

.log_data 
*          0    90000000    00000000     COPY SECTION

.data:xdcRomConstPtr 
*          0    20000100    00000004     UNINITIALIZED
                  20000100    00000004     release_pem4f.oem4f (.data:xdcRomConstPtr)

.data:xdcRomExternFuncPtr 
*          0    20000104    00000004     UNINITIALIZED
                  20000104    00000004     release_pem4f.oem4f (.data:xdcRomExternFuncPtr)

.data:xdcRomStatePtr 
*          0    20000108    00000004     UNINITIALIZED
                  20000108    00000004     release_pem4f.oem4f (.data:xdcRomStatePtr)

.bootVecs 
*          0    00000000    00000008     DSECT
                  00000000    00000008     boot.aem4f : boot.oem4f (.bootVecs)

.resetVecs 
*          0    00000000    0000003c     
                  00000000    0000003c     release_pem4f.oem4f (.resetVecs)

.vecs      0    20000000    000000d8     NOLOAD SECTION
                  20000000    000000d8     release_pem4f.oem4f (.vecs)

xdc.meta   0    00000000    000000fb     COPY SECTION
                  00000000    000000fb     release_pem4f.oem4f (xdc.meta)

xdc.noload 
*          0    00000000    00000000     COPY SECTION

__llvm_prf_cnts 
*          0    20000000    00000000     UNINITIALIZED

.text      0    0000003c    00004340     
                  0000003c    000001cc     drivers_cc13x2.a : PINCC26XX.oem4f (.text:PIN_init)
                  00000208    000001b6     rtsv7M4_T_le_v4SPD16_eabi.lib : fd_add_t2.asm.obj (.text)
                  000003be    00000002     ti_drivers_config.obj (.text:Board_initHook)
                  000003c0    00000198     drivers_cc13x2.a : PowerCC26X2.oem4f (.text:Power_sleep)
                  00000558    00000190                      : PowerCC26X2_calibrateRCOSC.oem4f (.text:calibrateRcoscHf1)
                  000006e8    0000018c                      : PowerCC26X2_calibrateRCOSC.oem4f (.text:runCalibrateFsm)
                  00000874    00000188     release_pem4f.oem4f (.text:xdc_runtime_System_printfExtend__I)
                  000009fc    00000174     drivers_cc13x2.a : PowerCC26X2.oem4f (.text:Power_init)
                  00000b70    00000164                      : UARTCC26XX.oem4f (.text:UARTCC26XX_open)
                  00000cd4    00000154                      : UARTCC26XX.oem4f (.text:UARTCC26XX_hwiIntFxn)
                  00000e28    0000013a                      : UARTCC26XX.oem4f (.text:UARTCC26XX_read)
                  00000f62    00000002     rtsv7M4_T_le_v4SPD16_eabi.lib : _lock.c.obj (.text:_nop)
                  00000f64    00000120     drivers_cc13x2.a : PowerCC26X2.oem4f (.text:configureXOSCHF)
                  00001084    00000110                      : GPIOCC26XX.oem4f (.text:GPIO_setConfig)
                  00001194    000000fc     rtsv7M4_T_le_v4SPD16_eabi.lib : fd_mul_t2.asm.obj (.text)
                  00001290    000000f8     driverlib.lib : sys_ctrl.obj (.text:NOROM_SysCtrlStandby)
                  00001388    000000f8     drivers_cc13x2.a : PINCC26XX.oem4f (.text:PINCC26XX_setIoCfg)
                  00001480    000000ec     rom_sysbios.aem4f : rom_sysbios.obj (.text:pthread_create)
                  0000156c    000000e0     drivers_cc13x2.a : UARTCC26XX.oem4f (.text:UARTCC26XX_write)
                  0000164c    000000d8     uartecho.obj (.text:mainThread)
                  00001724    000000c8     dpl_cc13x2.a : PowerCC26X2_tirtos.oem4f (.text:PowerCC26XX_standbyPolicy)
                  000017ec    000000c4     drivers_cc13x2.a : GPIOCC26XX.oem4f (.text:GPIO_init)
                  000018b0    000000c0                      : PowerCC26X2.oem4f (.text:Power_releaseDependency)
                  00001970    000000c0                      : UARTCC26XX.oem4f (.text:UARTCC26XX_initIO)
                  00001a30    000000b8                      : PowerCC26X2.oem4f (.text:Power_setDependency)
                  00001ae8    000000b8                      : UARTCC26XX.oem4f (.text:UARTCC26XX_initHw)
                  00001ba0    000000ac                      : PINCC26XX.oem4f (.text:PIN_open)
                  00001c4c    000000ac     driverlib.lib : setup.obj (.text:TrimAfterColdResetWakeupFromShutDown)
                  00001cf8    000000a0     auto_init.aem4f : auto_init.oem4f (.text)
                  00001d98    000000a0     rom_sysbios.aem4f : rom_sysbios.obj (.text:ti_sysbios_knl_Task_setPri__E)
                  00001e38    0000009c     rtsv7M4_T_le_v4SPD16_eabi.lib : memcpy_t2.asm.obj (.text)
                  00001ed4    00000098     driverlib.lib : setup.obj (.text:NOROM_SetupTrimDevice)
                  00001f6c    00000098     drivers_cc13x2.a : UARTCC26XX.oem4f (.text:writeTxFifoFlush)
                  00002004    00000096     rtsv7M4_T_le_v4SPD16_eabi.lib : ull_div_t2.asm.obj (.text)
                  0000209a    00000092     drivers_cc13x2.a : UARTCC26XX.oem4f (.text:UARTCC26XX_writeCancel)
                  0000212c    00000088     driverlib.lib : osc.obj (.text:NOROM_OSCHF_AttemptToSwitchToXosc)
                  000021b4    00000088     rom_sysbios.aem4f : rom_sysbios.obj (.text:_pthread_removeThreadKeys)
                  0000223c    00000088     drivers_cc13x2.a : PowerCC26X2_calibrateRCOSC.oem4f (.text:calibrateRcoscHf2)
                  000022c4    00000088                      : PowerCC26X2.oem4f (.text:disableLFClockQualifiers)
                  0000234c    00000088                      : PowerCC26X2_calibrateRCOSC.oem4f (.text:updateSubSecInc)
                  000023d4    00000086     rtsv7M4_T_le_v4SPD16_eabi.lib : fd_cmp_t2.asm.obj (.text:__aeabi_cdcmple)
                  0000245a    00000086                                   : fd_cmp_t2.asm.obj (.text:__aeabi_cdrcmple)
                  000024e0    00000084     ti_drivers_config.obj (.text:Board_sendExtFlashByte)
                  00002564    00000084     drivers_cc13x2.a : UARTCC26XX.oem4f (.text:UARTCC26XX_close)
                  000025e8    00000084     rom_sysbios.aem4f : rom_sysbios.obj (.text:ti_sysbios_family_arm_m3_Hwi_excHandlerMin__I)
                  0000266c    00000080     driverlib.lib : sys_ctrl.obj (.text:NOROM_SysCtrlSetRechargeBeforePowerDown)
                  000026ec    00000080     rom_sysbios.aem4f : rom_sysbios.obj (.text:ti_sysbios_family_arm_cc26xx_Timer_start__E)
                  0000276c    0000007a     rtsv7M4_T_le_v4SPD16_eabi.lib : memset_t2.asm.obj (.text)
                  000027e6    00000002     drivers_cc13x2.a : PowerCC26X2.oem4f (.text:emptyClockFunc)
                  000027e8    00000074                      : PowerCC26X2_calibrateRCOSC.oem4f (.text:PowerCC26X2_auxISR)
                  0000285c    00000070                      : PINCC26XX.oem4f (.text:PIN_add)
                  000028cc    0000006d     rom_sysbios.aem4f : rom_sysbios.obj (.text:xdc_runtime_System_formatNum__I)
                  00002939    00000001     --HOLE-- [fill = 0]
                  0000293a    00000002     rtsv7M4_T_le_v4SPD16_eabi.lib : div0.asm.obj (.text)
                  0000293c    0000006c     driverlib.lib : chipinfo.obj (.text:NOROM_ChipInfo_GetChipType)
                  000029a8    00000068                   : osc.obj (.text:NOROM_OSCHF_SwitchToRcOscTurnOffXosc)
                  00002a10    00000068     rtsv7M4_T_le_v4SPD16_eabi.lib : copy_decompress_lzss.c.obj (.text:decompress:lzss:__TI_decompress_lzss)
                  00002a78    00000064     drivers_cc13x2.a : UARTCC26XX.oem4f (.text:UARTCC26XX_control)
                  00002adc    00000064     main_tirtos.obj (.text:main)
                  00002b40    00000062     drivers_cc13x2.a : UARTCC26XX.oem4f (.text:UARTCC26XX_swiIntFxn)
                  00002ba2    00000002     release_pem4f.oem4f (.text:ti_sysbios_BIOS_nullFunc__I)
                  00002ba4    00000060     drivers_cc13x2.a : GPIOCC26XX.oem4f (.text:GPIO_write)
                  00002c04    0000005c                      : PINCC26XX.oem4f (.text:PIN_remove)
                  00002c60    0000005c                      : UARTCC26XX.oem4f (.text:startTxFifoEmptyClk)
                  00002cbc    0000005c     rom_sysbios.aem4f : rom_sysbios.obj (.text:ti_sysbios_heaps_HeapMem_initPrimary__I)
                  00002d18    0000005c     release_pem4f.oem4f (.text:xdc_runtime_Startup_getState__I)
                  00002d74    00000058     drivers_cc13x2.a : PowerCC26X2_calibrateRCOSC.oem4f (.text:PowerCC26X2_initiateCalibration)
                  00002dcc    00000058     boot.aem4f : boot.oem4f (.text)
                  00002e24    00000058     rom_sysbios.aem4f : rom_sysbios.obj (.text:pthread_exit)
                  00002e7c    00000054     driverlib.lib : prcm.obj (.text:NOROM_PRCMPowerDomainsAllOff)
                  00002ed0    00000054     dpl_cc13x2.a : SwiP_tirtos.oem4f (.text:SwiP_construct)
                  00002f24    0000004c     ti_drivers_config.obj (.text:Board_wakeUpExtFlash)
                  00002f70    0000004c     driverlib.lib : prcm.obj (.text:NOROM_PRCMPowerDomainsAllOn)
                  00002fbc    0000004c     drivers_cc13x2.a : UARTCC26XX.oem4f (.text:UARTCC26XX_readCancel)
                  00003008    0000004c     rtsv7M4_T_le_v4SPD16_eabi.lib : cpy_tbl.c.obj (.text:copy_in)
                  00003054    00000048     drivers_cc13x2.a : PINCC26XX.oem4f (.text:PIN_setOutputEnable)
                  0000309c    00000048                      : PowerCC26X2_calibrateRCOSC.oem4f (.text:PowerCC26X2_RCOSC_clockFunc)
                  000030e4    00000048     rtsv7M4_T_le_v4SPD16_eabi.lib : fd_toi_t2.asm.obj (.text)
                  0000312c    00000048     drivers_cc13x2.a : PowerCC26X2.oem4f (.text:switchXOSCHF)
                  00003174    00000048                      : UARTCC26XX.oem4f (.text:writeFinishedDoCallback)
                  000031bc    00000046                      : RingBuf.oem4f (.text:RingBuf_put)
                  00003202    00000002     rom_sysbios.aem4f : rom_sysbios.obj (.text:xdc_runtime_SysCallback_defaultAbort)
                  00003204    00000044     driverlib.lib : chipinfo.obj (.text:NOROM_ChipInfo_GetHwRevision)
                  00003248    00000044     drivers_cc13x2.a : PINCC26XX.oem4f (.text:PIN_swi)
                  0000328c    00000044                      : UART.oem4f (.text:UART_init)
                  000032d0    00000044     rtsv7M4_T_le_v4SPD16_eabi.lib : fd_tou_t2.asm.obj (.text)
                  00003314    00000040     ti_drivers_config.obj (.text:Board_shutDownExtFlash)
                  00003354    00000040     dpl_cc13x2.a : ClockP_tirtos.oem4f (.text:ClockP_construct)
                  00003394    00000040     driverlib.lib : osc.obj (.text:NOROM_OSC_HPOSCRelativeFrequencyOffsetGet)
                  000033d4    00000040     drivers_cc13x2.a : RingBuf.oem4f (.text:RingBuf_get)
                  00003414    00000040                      : UART.oem4f (.text:UART_open)
                  00003454    00000040     rtsv7M4_T_le_v4SPD16_eabi.lib : u_divt2.asm.obj (.text)
                  00003494    00000040     rom_sysbios.aem4f : rom_sysbios.obj (.text:ti_sysbios_family_arm_cc26xx_Timer_setThreshold__I)
                  000034d4    0000003e     dpl_cc13x2.a : HwiP_tirtos.oem4f (.text:HwiP_construct)
                  00003512    0000003e     release_pem4f.oem4f (.text:realloc)
                  00003550    0000003c     drivers_cc13x2.a : PINCC26XX.oem4f (.text:PIN_setOutputValue)
                  0000358c    0000003c     rom_sysbios.aem4f : rom_sysbios.obj (.text:ti_sysbios_family_arm_m3_Hwi_construct2__E)
                  000035c8    00000038     drivers_cc13x2.a : PINCC26XX.oem4f (.text:PIN_setConfig)
                  00003600    00000038                      : PowerCC26X2.oem4f (.text:notify)
                  00003638    00000038                      : UARTCC26XX.oem4f (.text:readData)
                  00003670    00000038     rtsv7M4_T_le_v4SPD16_eabi.lib : fs_tod_t2.asm.obj (.text)
                  000036a8    00000038     drivers_cc13x2.a : UARTCC26XX.oem4f (.text:writeData)
                  000036e0    00000036     rom_sysbios.aem4f : rom_sysbios.obj (.text:ti_sysbios_family_arm_cc26xx_Timer_setNextTick__E)
                  00003716    00000002                       : rom_sysbios.obj (.text:xdc_runtime_SysCallback_defaultExit)
                  00003718    00000034     driverlib.lib : aux_sysif.obj (.text:NOROM_AUXSYSIFOpModeChange)
                  0000374c    00000034                   : sys_ctrl.obj (.text:NOROM_SysCtrlIdle)
                  00003780    00000034     drivers_cc13x2.a : UARTCC26XX.oem4f (.text:readData2RingBuf)
                  000037b4    00000030                      : GPIOCC26XX.oem4f (.text:GPIO_hwiIntFxn)
                  000037e4    00000030                      : GPIOCC26XX.oem4f (.text:GPIO_setCallback)
                  00003814    00000030                      : PINCC26XX.oem4f (.text:PINCC26XX_setMux)
                  00003844    00000030                      : PowerCC26X2.oem4f (.text:Power_releaseConstraint)
                  00003874    00000030                      : PowerCC26X2.oem4f (.text:Power_setConstraint)
                  000038a4    00000030     release_pem4f.oem4f (.text:ti_sysbios_BIOS_atExitFunc__I)
                  000038d4    00000030     release_pem4f.oem4f (.text:ti_sysbios_BIOS_startFunc__I)
                  00003904    00000030     rom_sysbios.aem4f : rom_sysbios.obj (.text:ti_sysbios_family_arm_cc26xx_Timer_getCurrentTick__E)
                  00003934    00000030                       : rom_sysbios.obj (.text:ti_sysbios_family_arm_cc26xx_Timer_initDevice__I)
                  00003964    0000002e     rtsv7M4_T_le_v4SPD16_eabi.lib : i_tofd_t2.asm.obj (.text)
                  00003992    0000002e     release_pem4f.oem4f (.text:ti_sysbios_rts_MemAlloc_alloc)
                  000039c0    0000002c     dpl_cc13x2.a : SemaphoreP_tirtos.oem4f (.text:SemaphoreP_constructBinary)
                  000039ec    0000002c                  : SemaphoreP_tirtos.oem4f (.text:SemaphoreP_createBinary)
                  00003a18    0000002c     rom_sysbios.aem4f : rom_sysbios.obj (.text:_pthread_delete$45)
                  00003a44    0000002c                       : rom_sysbios.obj (.text:pthread_setcancelstate)
                  00003a70    0000002c                       : rom_sysbios.obj (.text:ti_sysbios_knl_Clock_getTicksUntilInterrupt__E)
                  00003a9c    00000028     drivers_cc13x2.a : PowerCC26X2.oem4f (.text:Power_registerNotify)
                  00003ac4    00000028                      : PowerCC26X2.oem4f (.text:oscillatorISR)
                  00003aec    00000026                      : List.oem4f (.text:List_put)
                  00003b12    00000026                      : List.oem4f (.text:List_remove)
                  00003b38    00000024     driverlib.lib : osc.obj (.text:NOROM_OSCHF_TurnOnXosc)
                  00003b5c    00000024     rom_sysbios.aem4f : rom_sysbios.obj (.text:_pthread_cleanupFxn)
                  00003b80    00000024     drivers_cc13x2.a : PowerCC26X2_calibrateRCOSC.oem4f (.text:getTdcSemaphore)
                  00003ba4    00000024     rom_sysbios.aem4f : rom_sysbios.obj (.text:pthread_attr_init)
                  00003bc8    00000024     release_pem4f.oem4f (.text:ti_sysbios_BIOS_registerRTSLock__I)
                  00003bec    00000024     release_pem4f.oem4f (.text:ti_sysbios_BIOS_removeRTSLock__I)
                  00003c10    00000024     rom_sysbios.aem4f : rom_sysbios.obj (.text:ti_sysbios_family_arm_cc26xx_Timer_getMaxTicks__E)
                  00003c34    00000020     ti_drivers_config.obj (.text:Board_init)
                  00003c54    00000020     drivers_cc13x2.a : PINCC26XX.oem4f (.text:PINCC26XX_setIoCfgMux)
                  00003c74    00000020                      : PowerCC26X2.oem4f (.text:Power_unregisterNotify)
                  00003c94    00000020                      : UARTCC26XX.oem4f (.text:threadSafeStdbyDisRelease)
                  00003cb4    00000020                      : UARTCC26XX.oem4f (.text:threadSafeStdbyDisSet)
                  00003cd4    00000020     release_pem4f.oem4f (.text:ti_sysbios_BIOS_rtsLock__I)
                  00003cf4    00000020     rom_sysbios.aem4f : rom_sysbios.obj (.text:ti_sysbios_family_arm_cc26xx_Timer_dynamicStub__E)
                  00003d14    00000020                       : rom_sysbios.obj (.text:xdc_runtime_Error_policyMin__E)
                  00003d34    0000001e     drivers_cc13x2.a : PINCC26XX.oem4f (.text:PIN_close)
                  00003d52    0000001e                      : PowerCC26X2.oem4f (.text:Power_getTransitionLatency)
                  00003d70    0000001c     driverlib.lib : chipinfo.obj (.text:NOROM_ChipInfo_GetChipFamily)
                  00003d8c    0000001c     drivers_cc13x2.a : PINCC26XX.oem4f (.text:PIN_hwi)
                  00003da8    0000001c     dpl_cc13x2.a : PowerCC26X2_tirtos.oem4f (.text:PowerCC26XX_schedulerDisable)
                  00003dc4    0000001c                  : PowerCC26X2_tirtos.oem4f (.text:PowerCC26XX_schedulerRestore)
                  00003de0    0000001c     rom_sysbios.aem4f : rom_sysbios.obj (.text:ti_sysbios_knl_Swi_construct2__E)
                  00003dfc    0000001c     release_pem4f.oem4f (.text:xdc_runtime_Startup_exec__I)
                  00003e18    0000001a     drivers_cc13x2.a : PowerCC26X2.oem4f (.text:PowerCC26XX_calibrate)
                  00003e32    0000001a     release_pem4f.oem4f (.text:free)
                  00003e4c    00000018     driverlib.lib : chipinfo.obj (.text:NOROM_ChipInfo_GetPackageType)
                  00003e64    00000018     drivers_cc13x2.a : PowerCC26X2.oem4f (.text:Power_idleFunc)
                  00003e7c    00000018                      : UART.oem4f (.text:UART_Params_init)
                  00003e94    00000018     rtsv7M4_T_le_v4SPD16_eabi.lib : args_main.c.obj (.text:_args_main)
                  00003eac    00000018                                   : ll_mul_t2.asm.obj (.text)
                  00003ec4    00000018     drivers_cc13x2.a : PowerCC26X2.oem4f (.text:switchToTCXO)
                  00003edc    00000018     release_pem4f.oem4f (.text:ti_sysbios_BIOS_rtsUnlock__I)
                  00003ef4    00000018     rom_sysbios.aem4f : rom_sysbios.obj (.text:ti_sysbios_knl_Swi_or__E)
                  00003f0c    00000018                       : rom_sysbios.obj (.text:xdc_runtime_Error_init__E)
                  00003f24    00000016     driverlib.lib : chipinfo.obj (.text:NOROM_ThisLibraryIsFor_CC13x2_CC26x2_HwRev20AndLater_HaltIfViolated)
                  00003f3a    00000016     rom_sysbios.aem4f : rom_sysbios.obj (.text:_pthread_cleanup_pop)
                  00003f50    00000016     release_pem4f.oem4f (.text:ti_sysbios_BIOS_exitFunc__I)
                  00003f66    00000014     drivers_cc13x2.a : PowerCC26X2_calibrateRCOSC.oem4f (.text:PowerCC26X2_calibrate)
                  00003f7a    00000014     rom_sysbios.aem4f : rom_sysbios.obj (.text:pthread_attr_setschedparam)
                  00003f8e    00000002                       : rom_sysbios.obj (.text:xdc_runtime_SysCallback_defaultFlush)
                  00003f90    00000014                       : rom_sysbios.obj (.text:ti_sysbios_family_arm_cc26xx_Timer_getCount64__E)
                  00003fa4    00000014     release_pem4f.oem4f (.text:ti_sysbios_knl_Clock_doTick__I)
                  00003fb8    00000012     drivers_cc13x2.a : RingBuf.oem4f (.text:RingBuf_construct)
                  00003fca    00000012     dpl_cc13x2.a : SemaphoreP_tirtos.oem4f (.text:SemaphoreP_pend)
                  00003fdc    00000012     rom_sysbios.aem4f : rom_sysbios.obj (.text:_pthread_runStub$45)
                  00003fee    00000010     dpl_cc13x2.a : HwiP_tirtos.oem4f (.text:HwiP_Params_init)
                  00003ffe    00000002     rom_sysbios.aem4f : rom_sysbios.obj (.text:xdc_runtime_SysCallback_defaultPutch)
                  00004000    00000010     drivers_cc13x2.a : PINCC26XX.oem4f (.text:PINCC26XX_getPinCount)
                  00004010    00000010     dpl_cc13x2.a : SwiP_tirtos.oem4f (.text:SwiP_Params_init)
                  00004020    00000010     drivers_cc13x2.a : UARTCC26XX.oem4f (.text:uartPostNotify)
                  00004030    0000000e     rtsv7M4_T_le_v4SPD16_eabi.lib : copy_decompress_none.c.obj (.text:decompress:none:__TI_decompress_none)
                  0000403e    0000000e     rom_sysbios.aem4f : rom_sysbios.obj (.text:pthread_attr_setdetachstate)
                  0000404c    0000000e                       : rom_sysbios.obj (.text:ti_sysbios_family_arm_cc26xx_TimestampProvider_get32__E)
                  0000405a    00000002     --HOLE-- [fill = 0]
                  0000405c    0000000c     dpl_cc13x2.a : ClockP_tirtos.oem4f (.text:ClockP_getSystemTickPeriod)
                  00004068    0000000c     driverlib.lib : cpu.obj (.text:NOROM_CPUcpsid)
                  00004074    0000000c                   : cpu.obj (.text:NOROM_CPUcpsie)
                  00004080    0000000c     drivers_cc13x2.a : PINCC26XX.oem4f (.text:PIN_registerIntCb)
                  0000408c    0000000c                      : PowerCC26X2.oem4f (.text:Power_getConstraintMask)
                  00004098    0000000c                      : PowerCC26X2.oem4f (.text:Power_getDependencyCount)
                  000040a4    0000000c     dpl_cc13x2.a : SemaphoreP_tirtos.oem4f (.text:SemaphoreP_delete)
                  000040b0    0000000c     rtsv7M4_T_le_v4SPD16_eabi.lib : _lock.c.obj (.text:_register_lock)
                  000040bc    0000000c                                   : _lock.c.obj (.text:_register_unlock)
                  000040c8    0000000c                                   : copy_zero_init.c.obj (.text:decompress:ZI:__TI_zero_init)
                  000040d4    0000000c     rom_sysbios.aem4f : rom_sysbios.obj (.text:pthread_self)
                  000040e0    0000000c                       : rom_sysbios.obj (.text:ti_sysbios_knl_Queue_insert__E)
                  000040ec    0000000c                       : rom_sysbios.obj (.text:ti_sysbios_knl_Swi_getTrigger__E)
                  000040f8    0000000a     dpl_cc13x2.a : ClockP_tirtos.oem4f (.text:ClockP_Params_init)
                  00004102    0000000a     drivers_cc13x2.a : UART.oem4f (.text:UART_read)
                  0000410c    0000000a                      : UART.oem4f (.text:UART_write)
                  00004116    0000000a                      : UARTCC26XX.oem4f (.text:readSemCallback)
                  00004120    00000008                      : UARTCC26XX.oem4f (.text:UARTCC26XX_init)
                  00004128    00000008                      : UARTCC26XX.oem4f (.text:writeSemCallback)
                  00004130    00000008     release_pem4f.oem4f (.text:xdc_runtime_Text_visitRope__I)
                  00004138    00000006     driverlib.lib : cpu.obj (.text:NOROM_CPUdelay)
                  0000413e    00000006     drivers_cc13x2.a : UARTCC26XX.oem4f (.text:UARTCC26XX_readPolling)
                  00004144    00000006                      : UARTCC26XX.oem4f (.text:UARTCC26XX_writePolling)
                  0000414a    00000006                      : PowerCC26X2.oem4f (.text:delayUs)
                  00004150    00000006     rom_sysbios.aem4f : rom_sysbios.obj (.text:pthread_attr_setstacksize)
                  00004156    00000004     dpl_cc13x2.a : PowerCC26X2_tirtos.oem4f (.text:CPUwfi)
                  0000415a    00000004                  : ClockP_tirtos.oem4f (.text:ClockP_destruct)
                  0000415e    00000004                  : ClockP_tirtos.oem4f (.text:ClockP_getCpuFreq)
                  00004162    00000004                  : ClockP_tirtos.oem4f (.text:ClockP_setTimeout)
                  00004166    00000004                  : ClockP_tirtos.oem4f (.text:ClockP_start)
                  0000416a    00000004                  : ClockP_tirtos.oem4f (.text:ClockP_stop)
                  0000416e    00000004                  : HwiP_tirtos.oem4f (.text:HwiP_destruct)
                  00004172    00000004                  : HwiP_tirtos.oem4f (.text:HwiP_disable)
                  00004176    00000004                  : SemaphoreP_tirtos.oem4f (.text:SemaphoreP_destruct)
                  0000417a    00000004                  : SemaphoreP_tirtos.oem4f (.text:SemaphoreP_post)
                  0000417e    00000004                  : SwiP_tirtos.oem4f (.text:SwiP_destruct)
                  00004182    00000004                  : SwiP_tirtos.oem4f (.text:SwiP_getTrigger)
                  00004186    00000004                  : SwiP_tirtos.oem4f (.text:SwiP_or)
                  0000418a    00000004     drivers_cc13x2.a : PowerCC26X2.oem4f (.text:configureRFCoreClocks)
                  0000418e    00000004                      : PowerCC26X2.oem4f (.text:nopResourceHandler)
                  00004192    00000004     rom_sysbios.aem4f : rom_sysbios.obj (.text:ti_sysbios_knl_Task_getArg1__E)
                  00004196    00000004                       : rom_sysbios.obj (.text:ti_sysbios_knl_Task_getEnv__E)
                  0000419a    00000004     release_pem4f.oem4f (.text:xdc_runtime_Startup_reset__I)
                  0000419e    00000004     rom_sysbios.aem4f : rom_sysbios.obj (.text:xdc_runtime_SysCallback_defaultReady)
                  000041a2    00000002     --HOLE-- [fill = 0]
                  000041a4    00000008     (.tramp.ti_sysbios_knl_Swi_destruct.1)
                  000041ac    00000008     (.tramp.ti_sysbios_family_arm_m3_Hwi_disableFxn__E.1)
                  000041b4    00000008     (.tramp.ti_sysbios_family_arm_m3_Hwi_destruct.1)
                  000041bc    00000008     (.tramp.ti_sysbios_BIOS_getCpuFreq__E.1)
                  000041c4    00000008     (.tramp.ti_sysbios_knl_Clock_destruct.1)
                  000041cc    00000008     (.tramp.ti_sysbios_knl_Task_self__E.1)
                  000041d4    00000008     (.tramp.ti_sysbios_knl_Semaphore_delete.1)
                  000041dc    00000008     (.tramp.ti_sysbios_knl_Clock_logTick__E.1)
                  000041e4    00000008     (.tramp.ti_sysbios_knl_Swi_post__E.1)
                  000041ec    00000008     (.tramp.ti_sysbios_BIOS_RtsGateProxy_leave__E.1)
                  000041f4    00000008     (.tramp.ti_sysbios_knl_Swi_construct.1)
                  000041fc    00000008     (.tramp.ti_sysbios_knl_Swi_restore__E.1)
                  00004204    00000008     (.tramp.ti_sysbios_BIOS_RtsGateProxy_enter__E.1)
                  0000420c    00000008     (.tramp.ti_sysbios_knl_Clock_TimerProxy_getCurrentTick__E.1)
                  00004214    00000008     (.tramp.ti_sysbios_knl_Task_delete.1)
                  0000421c    00000008     (.tramp.ti_sysbios_knl_Semaphore_destruct.1)
                  00004224    00000008     (.tramp.ti_sysbios_knl_Semaphore_create.1)
                  0000422c    00000008     (.tramp.ti_sysbios_knl_Task_startup__E.1)
                  00004234    00000008     (.tramp.ti_sysbios_knl_Swi_startup__E.1)
                  0000423c    00000008     (.tramp.ti_sysbios_hal_Hwi_startup__E.1)
                  00004244    00000008     (.tramp.ti_sysbios_family_arm_cc26xx_Timer_startup__E.1)
                  0000424c    00000008     (.tramp.xdc_runtime_System_atexit__E.1)
                  00004254    00000008     (.tramp.ti_sysbios_BIOS_linkedWithIncorrectBootLibrary__E.1)
                  0000425c    00000008     (.tramp.xdc_runtime_Startup_rtsDone__E.1)
                  00004264    00000008     (.tramp.ti_sysbios_knl_Swi_disable__E.1)
                  0000426c    00000008     (.tramp.ti_sysbios_family_arm_m3_Hwi_construct.1)
                  00004274    00000008     (.tramp.ti_sysbios_family_arm_m3_Hwi_Params__init__S.1)
                  0000427c    00000008     (.tramp.ti_sysbios_knl_Clock_construct.1)
                  00004284    00000008     (.tramp.ti_sysbios_knl_Clock_Params__init__S.1)
                  0000428c    00000008     (.tramp.ti_sysbios_knl_Swi_Params__init__S.1)
                  00004294    00000008     (.tramp.xdc_runtime_System_exit__E.1)
                  0000429c    00000008     (.tramp.ti_sysbios_heaps_HeapMem_restore__E.1)
                  000042a4    00000008     (.tramp.ti_sysbios_heaps_HeapMem_Object__get__S.1)
                  000042ac    00000008     (.tramp.ti_sysbios_BIOS_start__E.1)
                  000042b4    00000008     (.tramp.xdc_runtime_Error_raiseX__E.1)
                  000042bc    00000008     (.tramp.ti_sysbios_BIOS_setThreadType__E.1)
                  000042c4    00000008     (.tramp.ti_sysbios_family_arm_m3_Hwi_excFillContext__I.1)
                  000042cc    00000008     (.tramp.ti_sysbios_knl_Semaphore_post__E.1)
                  000042d4    00000008     (.tramp.xdc_runtime_Memory_free__E.1)
                  000042dc    00000008     (.tramp.ti_sysbios_knl_Queue_next__E.1)
                  000042e4    00000008     (.tramp.ti_sysbios_knl_Queue_head__E.1)
                  000042ec    00000008     (.tramp.ti_sysbios_knl_Semaphore_pend__E.1)
                  000042f4    00000008     (.tramp.ti_sysbios_knl_Task_restore__E.1)
                  000042fc    00000008     (.tramp.ti_sysbios_knl_Queue_enqueue__E.1)
                  00004304    00000008     (.tramp.ti_sysbios_knl_Queue_empty__E.1)
                  0000430c    00000008     (.tramp.ti_sysbios_knl_Queue_remove__E.1)
                  00004314    00000008     (.tramp.ti_sysbios_knl_Task_disable__E.1)
                  0000431c    00000008     (.tramp.ti_sysbios_knl_Clock_stop__E.1)
                  00004324    00000008     (.tramp.ti_sysbios_knl_Clock_start__E.1)
                  0000432c    00000008     (.tramp.ti_sysbios_knl_Clock_setTimeout__E.1)
                  00004334    00000008     (.tramp.strlen.1)
                  0000433c    00000008     (.tramp.ti_sysbios_knl_Task_create.1)
                  00004344    00000008     (.tramp.ti_sysbios_knl_Semaphore_construct.1)
                  0000434c    00000008     (.tramp.ti_sysbios_knl_Semaphore_Params__init__S.1)
                  00004354    00000008     (.tramp.ti_sysbios_knl_Queue_construct.1)
                  0000435c    00000008     (.tramp.xdc_runtime_Memory_alloc__E.1)
                  00004364    00000008     (.tramp.ti_sysbios_knl_Task_Params__init__S.1)
                  0000436c    00000008     (.tramp.ti_sysbios_family_arm_m3_Hwi_restoreFxn__E.1)
                  00004374    00000008     (.tramp.xdc_runtime_System_doPrint__I.1)

.const     0    0000437c    0000066f     
                  0000437c    000003b8     release_pem4f.oem4f (.const:ROM_constStruct)
                  00004734    00000054     drivers_cc13x2.a : PowerCC26X2.oem4f (.const:resourceDB)
                  00004788    00000048     release_pem4f.oem4f (.const:.string)
                  000047d0    00000048     release_pem4f.oem4f (.const:ROM_externFuncPtrs)
                  00004818    00000028     drivers_cc13x2.a : UARTCC26XX.oem4f (.const:UARTCC26XX_fxnTable)
                  00004840    00000028     ti_drivers_config.obj (.const:uartCC26XXHWAttrs)
                  00004868    00000024     drivers_cc13x2.a : UART.oem4f (.const:UART_defaultParams)
                  0000488c    00000024     release_pem4f.oem4f (.const:xdc_runtime_Startup_sfxnTab__A)
                  000048b0    00000018     drivers_cc13x2.a : GPIOCC26XX.oem4f (.const:interruptType)
                  000048c8    00000014     ti_drivers_config.obj (.const:$P$T1$2)
                  000048dc    00000014     ti_drivers_config.obj (.const:GPIOCC26XX_config)
                  000048f0    00000014     ti_drivers_config.obj (.const:PowerCC26X2_config)
                  00004904    00000014     drivers_cc13x2.a : UARTCC26XX.oem4f (.const:parityType)
                  00004918    00000012     release_pem4f.oem4f (.const:xdc_runtime_Startup_sfxnRts__A)
                  0000492a    00000001     release_pem4f.oem4f (.const:xdc_runtime_Text_charTab__A)
                  0000492b    00000001     --HOLE-- [fill = 0]
                  0000492c    00000010     ti_drivers_config.obj (.const:BoardGpioInitTable)
                  0000493c    00000010     drivers_cc13x2.a : UARTCC26XX.oem4f (.const:dataLength)
                  0000494c    00000010                      : GPIOCC26XX.oem4f (.const:outPinTypes)
                  0000495c    0000000c     ti_drivers_config.obj (.const:UART_config)
                  00004968    0000000c     drivers_cc13x2.a : GPIOCC26XX.oem4f (.const:inPinTypes)
                  00004974    0000000c                      : GPIOCC26XX.oem4f (.const:outPinStrengths)
                  00004980    0000000c     release_pem4f.oem4f (.const:xdc_runtime_Startup_firstFxns__A)
                  0000498c    00000008     driverlib.lib : aux_sysif.obj (.const:$O1$$)
                  00004994    00000008     ti_drivers_config.obj (.const:$P$T0$1)
                  0000499c    00000008     ti_drivers_config.obj (.const:PINCC26XX_hwAttrs)
                  000049a4    00000008     drivers_cc13x2.a : UARTCC26XX.oem4f (.const:stopBits)
                  000049ac    00000008     release_pem4f.oem4f (.const:ti_sysbios_family_arm_m3_Hwi_excHookFuncs__A)
                  000049b4    00000008     release_pem4f.oem4f (.const:ti_sysbios_knl_Idle_funcList__A)
                  000049bc    00000006     drivers_cc13x2.a : UARTCC26XX.oem4f (.const:.string:rxFifoBytes)
                  000049c2    00000006                      : UARTCC26XX.oem4f (.const:.string:rxFifoThreshold)
                  000049c8    00000006                      : UARTCC26XX.oem4f (.const:.string:txFifoBytes)
                  000049ce    00000006                      : UARTCC26XX.oem4f (.const:.string:txFifoThreshold)
                  000049d4    00000004     release_pem4f.oem4f (.const:ti_sysbios_family_arm_m3_Hwi_E_exception__C)
                  000049d8    00000004     release_pem4f.oem4f (.const:ti_sysbios_heaps_HeapMem_primaryHeapBaseAddr__C)
                  000049dc    00000004     release_pem4f.oem4f (.const:ti_sysbios_heaps_HeapMem_primaryHeapEndAddr__C)
                  000049e0    00000004     release_pem4f.oem4f (.const:ti_sysbios_knl_Clock_tickPeriod__C)
                  000049e4    00000004     release_pem4f.oem4f (.const:ti_sysbios_knl_Task_Object__heap__C)
                  000049e8    00000003     ti_drivers_config.obj (.const)

MODULE SUMMARY

       Module                             code    ro data   rw data
       ------                             ----    -------   -------
    ./
       uartecho.obj                       216     0         0      
       main_tirtos.obj                    100     0         0      
    +--+----------------------------------+-------+---------+---------+
       Total:                             316     0         0      
                                                                   
    ./syscfg/
       ti_drivers_config.obj              306     147       476    
       ti_devices_config.obj              0       88        0      
    +--+----------------------------------+-------+---------+---------+
       Total:                             306     235       476    
                                                                   
    /Users/ddenisov/sensors/tirtos_builds_cc13x2_cc26x2_release_ccs/Debug/configPkg/package/cfg/
       release_pem4f.oem4f                926     1259      1830   
    +--+----------------------------------+-------+---------+---------+
       Total:                             926     1259      1830   
                                                                   
    /Users/ddenisov/sensors/tirtos_builds_cc13x2_cc26x2_release_ccs/src/sysbios/rom_sysbios.aem4f
       rom_sysbios.obj                    1905    0         136    
    +--+----------------------------------+-------+---------+---------+
       Total:                             1905    0         136    
                                                                   
    /Volumes/Storage/shared/ddenisov/ccs/tools/compiler/ti-cgt-arm_20.2.1.LTS/lib/rtsv7M4_T_le_v4SPD16_eabi.lib
       fd_add_t2.asm.obj                  438     0         0      
       fd_cmp_t2.asm.obj                  268     0         0      
       fd_mul_t2.asm.obj                  252     0         0      
       memcpy_t2.asm.obj                  156     0         0      
       ull_div_t2.asm.obj                 150     0         0      
       memset_t2.asm.obj                  122     0         0      
       copy_decompress_lzss.c.obj         104     0         0      
       cpy_tbl.c.obj                      76      0         0      
       fd_toi_t2.asm.obj                  72      0         0      
       fd_tou_t2.asm.obj                  68      0         0      
       u_divt2.asm.obj                    64      0         0      
       fs_tod_t2.asm.obj                  56      0         0      
       i_tofd_t2.asm.obj                  46      0         0      
       _lock.c.obj                        26      0         8      
       args_main.c.obj                    24      0         0      
       ll_mul_t2.asm.obj                  24      0         0      
       copy_decompress_none.c.obj         14      0         0      
       copy_zero_init.c.obj               12      0         0      
       stkdepth_vars.c.obj                0       0         4      
       div0.asm.obj                       2       0         0      
    +--+----------------------------------+-------+---------+---------+
       Total:                             1974    0         12     
                                                                   
    /Volumes/Storage/shared/ddenisov/simplelink_cc13x2_26x2_sdk_4_30_00_54/kernel/tirtos/packages/ti/dpl/lib/ccs/m4f/dpl_cc13x2.a
       PowerCC26X2_tirtos.oem4f           260     0         8      
       SemaphoreP_tirtos.oem4f            126     0         0      
       SwiP_tirtos.oem4f                  112     0         0      
       ClockP_tirtos.oem4f                106     0         0      
       HwiP_tirtos.oem4f                  86      0         0      
    +--+----------------------------------+-------+---------+---------+
       Total:                             690     0         8      
                                                                   
    /Volumes/Storage/shared/ddenisov/simplelink_cc13x2_26x2_sdk_4_30_00_54/kernel/tirtos/packages/ti/targets/arm/rtsarm/lib/auto_init.aem4f
       auto_init.oem4f                    160     0         0      
    +--+----------------------------------+-------+---------+---------+
       Total:                             160     0         0      
                                                                   
    /Volumes/Storage/shared/ddenisov/simplelink_cc13x2_26x2_sdk_4_30_00_54/kernel/tirtos/packages/ti/targets/arm/rtsarm/lib/boot.aem4f
       boot.oem4f                         88      0         0      
    +--+----------------------------------+-------+---------+---------+
       Total:                             88      0         0      
                                                                   
    /Volumes/Storage/shared/ddenisov/simplelink_cc13x2_26x2_sdk_4_30_00_54/source/ti/devices/cc13x2_cc26x2/driverlib/bin/ccs/driverlib.lib
       sys_ctrl.obj                       428     0         0      
       osc.obj                            340     0         36     
       setup.obj                          324     0         0      
       chipinfo.obj                       250     0         0      
       prcm.obj                           160     0         0      
       aux_sysif.obj                      52      8         0      
       cpu.obj                            30      0         0      
       driverlib_release.obj              0       0         1      
    +--+----------------------------------+-------+---------+---------+
       Total:                             1584    8         37     
                                                                   
    /Volumes/Storage/shared/ddenisov/simplelink_cc13x2_26x2_sdk_4_30_00_54/source/ti/drivers/lib/ccs/m4f/drivers_cc13x2.a
       UARTCC26XX.oem4f                   2760    108       0      
       PowerCC26X2.oem4f                  2060    84        368    
       PINCC26XX.oem4f                    1506    0         328    
       PowerCC26X2_calibrateRCOSC.oem4f   1400    0         0      
       GPIOCC26XX.oem4f                   660     64        61     
       UART.oem4f                         176     36        1      
       RingBuf.oem4f                      152     0         0      
       List.oem4f                         76      0         0      
    +--+----------------------------------+-------+---------+---------+
       Total:                             8790    292       758    
                                                                   
       Stack:                             0       0         1024   
       Linker Generated:                  472     472       0      
    +--+----------------------------------+-------+---------+---------+
       Grand Total:                       17211   2266      4281   


LINKER GENERATED COPY TABLES

__TI_cinit_table @ 00004ba0 records: 5, size/record: 8, table size: 40
	.data: load addr=000049f0, load size=00000184 bytes, run addr=20004740, run size=000005ac bytes, compression=lzss
	.bss: load addr=00004b80, load size=00000008 bytes, run addr=20004110, run size=00000629 bytes, compression=zero_init
	.data:xdcRomConstPtr: load addr=00004b88, load size=00000008 bytes, run addr=20000100, run size=00000004 bytes, compression=lzss
	.data:xdcRomExternFuncPtr: load addr=00004b90, load size=00000008 bytes, run addr=20000104, run size=00000004 bytes, compression=lzss
	.data:xdcRomStatePtr: load addr=00004b98, load size=00000008 bytes, run addr=20000108, run size=00000004 bytes, compression=lzss


LINKER GENERATED HANDLER TABLE

__TI_handler_table @ 00004b74 records: 3, size/record: 4, table size: 12
	index: 0, handler: __TI_decompress_lzss
	index: 1, handler: __TI_decompress_none
	index: 2, handler: __TI_zero_init


FAR CALL TRAMPOLINES

callee name               trampoline name
   callee addr  tramp addr   call addr  call info
--------------  -----------  ---------  ----------------
ti_sysbios_knl_Swi_destruct  $Tramp$TT$L$PI$$ti_sysbios_knl_Swi_destruct
   1002e8bd     000041a4     0000417e   dpl_cc13x2.a : SwiP_tirtos.oem4f (.text:SwiP_destruct)
ti_sysbios_family_arm_m3_Hwi_disableFxn__E  $Tramp$TT$L$PI$$ti_sysbios_family_arm_m3_Hwi_disableFxn__E
   1002eb55     000041ac     00004172   dpl_cc13x2.a : HwiP_tirtos.oem4f (.text:HwiP_disable)
ti_sysbios_family_arm_m3_Hwi_destruct  $Tramp$TT$L$PI$$ti_sysbios_family_arm_m3_Hwi_destruct
   1002e475     000041b4     0000416e   dpl_cc13x2.a : HwiP_tirtos.oem4f (.text:HwiP_destruct)
ti_sysbios_BIOS_getCpuFreq__E  $Tramp$TT$L$PI$$ti_sysbios_BIOS_getCpuFreq__E
   1002e9fd     000041bc     0000415e   dpl_cc13x2.a : ClockP_tirtos.oem4f (.text:ClockP_getCpuFreq)
ti_sysbios_knl_Clock_destruct  $Tramp$TT$L$PI$$ti_sysbios_knl_Clock_destruct
   1002e649     000041c4     0000415a   dpl_cc13x2.a : ClockP_tirtos.oem4f (.text:ClockP_destruct)
ti_sysbios_knl_Task_self__E  $Tramp$TT$L$PI$$ti_sysbios_knl_Task_self__E
   1002eaf5     000041cc     000040d6   rom_sysbios.aem4f : rom_sysbios.obj (.text:pthread_self)
ti_sysbios_knl_Semaphore_delete  $Tramp$TT$L$PI$$ti_sysbios_knl_Semaphore_delete
   1002ecdb     000041d4     000040aa   dpl_cc13x2.a : SemaphoreP_tirtos.oem4f (.text:SemaphoreP_delete)
ti_sysbios_knl_Clock_logTick__E  $Tramp$TT$L$PI$$ti_sysbios_knl_Clock_logTick__E
   1002dbd7     000041dc     00003fa6   release_pem4f.oem4f (.text:ti_sysbios_knl_Clock_doTick__I)
ti_sysbios_knl_Swi_post__E  $Tramp$TT$L$PI$$ti_sysbios_knl_Swi_post__E
   1002d891     000041e4     00003f08   rom_sysbios.aem4f : rom_sysbios.obj (.text:ti_sysbios_knl_Swi_or__E)
                             00003fae   release_pem4f.oem4f (.text:ti_sysbios_knl_Clock_doTick__I)
ti_sysbios_BIOS_RtsGateProxy_leave__E  $Tramp$TT$L$PI$$ti_sysbios_BIOS_RtsGateProxy_leave__E
   1002ec7b     000041ec     00003eea   release_pem4f.oem4f (.text:ti_sysbios_BIOS_rtsUnlock__I)
ti_sysbios_knl_Swi_construct  $Tramp$TT$L$PI$$ti_sysbios_knl_Swi_construct
   1002d719     000041f4     00003de6   rom_sysbios.aem4f : rom_sysbios.obj (.text:ti_sysbios_knl_Swi_construct2__E)
ti_sysbios_knl_Swi_restore__E  $Tramp$TT$L$PI$$ti_sysbios_knl_Swi_restore__E
   1002db61     000041fc     00003dca   dpl_cc13x2.a : PowerCC26X2_tirtos.oem4f (.text:PowerCC26XX_schedulerRestore)
ti_sysbios_BIOS_RtsGateProxy_enter__E  $Tramp$TT$L$PI$$ti_sysbios_BIOS_RtsGateProxy_enter__E
   1002ec77     00004204     00003cda   release_pem4f.oem4f (.text:ti_sysbios_BIOS_rtsLock__I)
ti_sysbios_knl_Clock_TimerProxy_getCurrentTick__E  $Tramp$TT$L$PI$$ti_sysbios_knl_Clock_TimerProxy_getCurrentTick__E
   1002eac5     0000420c     00003a82   rom_sysbios.aem4f : rom_sysbios.obj (.text:ti_sysbios_knl_Clock_getTicksUntilInterrupt__E)
ti_sysbios_knl_Task_delete  $Tramp$TT$L$PI$$ti_sysbios_knl_Task_delete
   1002ece7     00004214     00003a2c   rom_sysbios.aem4f : rom_sysbios.obj (.text:_pthread_delete$45)
ti_sysbios_knl_Semaphore_destruct  $Tramp$TT$L$PI$$ti_sysbios_knl_Semaphore_destruct
   1002e6fd     0000421c     00003a20   rom_sysbios.aem4f : rom_sysbios.obj (.text:_pthread_delete$45)
                             00004176   dpl_cc13x2.a : SemaphoreP_tirtos.oem4f (.text:SemaphoreP_destruct)
ti_sysbios_knl_Semaphore_create  $Tramp$TT$L$PI$$ti_sysbios_knl_Semaphore_create
   1002dc49     00004224     00003a0c   dpl_cc13x2.a : SemaphoreP_tirtos.oem4f (.text:SemaphoreP_createBinary)
ti_sysbios_knl_Task_startup__E  $Tramp$TT$L$PI$$ti_sysbios_knl_Task_startup__E
   1002eceb     0000422c     000038f8   release_pem4f.oem4f (.text:ti_sysbios_BIOS_startFunc__I)
ti_sysbios_knl_Swi_startup__E  $Tramp$TT$L$PI$$ti_sysbios_knl_Swi_startup__E
   1002ec6b     00004234     000038f4   release_pem4f.oem4f (.text:ti_sysbios_BIOS_startFunc__I)
ti_sysbios_hal_Hwi_startup__E  $Tramp$TT$L$PI$$ti_sysbios_hal_Hwi_startup__E
   1002ec31     0000423c     000038f0   release_pem4f.oem4f (.text:ti_sysbios_BIOS_startFunc__I)
ti_sysbios_family_arm_cc26xx_Timer_startup__E  $Tramp$TT$L$PI$$ti_sysbios_family_arm_cc26xx_Timer_startup__E
   1002dcf1     00004244     000038ec   release_pem4f.oem4f (.text:ti_sysbios_BIOS_startFunc__I)
xdc_runtime_System_atexit__E  $Tramp$TT$L$PI$$xdc_runtime_System_atexit__E
   1002f559     0000424c     000038e4   release_pem4f.oem4f (.text:ti_sysbios_BIOS_startFunc__I)
ti_sysbios_BIOS_linkedWithIncorrectBootLibrary__E  $Tramp$TT$L$PI$$ti_sysbios_BIOS_linkedWithIncorrectBootLibrary__E
   1002d01b     00004254     000038de   release_pem4f.oem4f (.text:ti_sysbios_BIOS_startFunc__I)
xdc_runtime_Startup_rtsDone__E  $Tramp$TT$L$PI$$xdc_runtime_Startup_rtsDone__E
   1002f8e5     0000425c     000038d6   release_pem4f.oem4f (.text:ti_sysbios_BIOS_startFunc__I)
ti_sysbios_knl_Swi_disable__E  $Tramp$TT$L$PI$$ti_sysbios_knl_Swi_disable__E
   1002ea25     00004264     000038a6   release_pem4f.oem4f (.text:ti_sysbios_BIOS_atExitFunc__I)
                             00003db2   dpl_cc13x2.a : PowerCC26X2_tirtos.oem4f (.text:PowerCC26XX_schedulerDisable)
ti_sysbios_family_arm_m3_Hwi_construct  $Tramp$TT$L$PI$$ti_sysbios_family_arm_m3_Hwi_construct
   1002d421     0000426c     000035a6   rom_sysbios.aem4f : rom_sysbios.obj (.text:ti_sysbios_family_arm_m3_Hwi_construct2__E)
ti_sysbios_family_arm_m3_Hwi_Params__init__S  $Tramp$TT$L$PI$$ti_sysbios_family_arm_m3_Hwi_Params__init__S
   1002eb49     00004274     000034f0   dpl_cc13x2.a : HwiP_tirtos.oem4f (.text:HwiP_construct)
ti_sysbios_knl_Clock_construct  $Tramp$TT$L$PI$$ti_sysbios_knl_Clock_construct
   1002dd8d     0000427c     0000338a   dpl_cc13x2.a : ClockP_tirtos.oem4f (.text:ClockP_construct)
ti_sysbios_knl_Clock_Params__init__S  $Tramp$TT$L$PI$$ti_sysbios_knl_Clock_Params__init__S
   1002eb9d     00004284     00003370   dpl_cc13x2.a : ClockP_tirtos.oem4f (.text:ClockP_construct)
ti_sysbios_knl_Swi_Params__init__S  $Tramp$TT$L$PI$$ti_sysbios_knl_Swi_Params__init__S
   1002ebf1     0000428c     00002efa   dpl_cc13x2.a : SwiP_tirtos.oem4f (.text:SwiP_construct)
xdc_runtime_System_exit__E  $Tramp$TT$L$PI$$xdc_runtime_System_exit__E
   1002f7b1     00004294     00002e0c   boot.aem4f : boot.oem4f (.text)
                             00003f60   release_pem4f.oem4f (.text:ti_sysbios_BIOS_exitFunc__I)
ti_sysbios_heaps_HeapMem_restore__E  $Tramp$TT$L$PI$$ti_sysbios_heaps_HeapMem_restore__E
   1002eb13     0000429c     00002d00   rom_sysbios.aem4f : rom_sysbios.obj (.text:ti_sysbios_heaps_HeapMem_initPrimary__I)
ti_sysbios_heaps_HeapMem_Object__get__S  $Tramp$TT$L$PI$$ti_sysbios_heaps_HeapMem_Object__get__S
   1002e275     000042a4     00002cd0   rom_sysbios.aem4f : rom_sysbios.obj (.text:ti_sysbios_heaps_HeapMem_initPrimary__I)
ti_sysbios_BIOS_start__E  $Tramp$TT$L$PI$$ti_sysbios_BIOS_start__E
   1002eaa5     000042ac     00002b32   main_tirtos.obj (.text:main)
xdc_runtime_Error_raiseX__E  $Tramp$TT$L$PI$$xdc_runtime_Error_raiseX__E
   1002f739     000042b4     0000264a   rom_sysbios.aem4f : rom_sysbios.obj (.text:ti_sysbios_family_arm_m3_Hwi_excHandlerMin__I)
ti_sysbios_BIOS_setThreadType__E  $Tramp$TT$L$PI$$ti_sysbios_BIOS_setThreadType__E
   1002ea11     000042bc     0000260a   rom_sysbios.aem4f : rom_sysbios.obj (.text:ti_sysbios_family_arm_m3_Hwi_excHandlerMin__I)
                             000038b0   release_pem4f.oem4f (.text:ti_sysbios_BIOS_atExitFunc__I)
                             00003f5a   release_pem4f.oem4f (.text:ti_sysbios_BIOS_exitFunc__I)
ti_sysbios_family_arm_m3_Hwi_excFillContext__I  $Tramp$TT$L$PI$$ti_sysbios_family_arm_m3_Hwi_excFillContext__I
   1002bda9     000042c4     00002604   rom_sysbios.aem4f : rom_sysbios.obj (.text:ti_sysbios_family_arm_m3_Hwi_excHandlerMin__I)
ti_sysbios_knl_Semaphore_post__E  $Tramp$TT$L$PI$$ti_sysbios_knl_Semaphore_post__E
   1002cd21     000042cc     00002222   rom_sysbios.aem4f : rom_sysbios.obj (.text:_pthread_removeThreadKeys)
                             00002e54                     : rom_sysbios.obj (.text:pthread_exit)
                             0000417a   dpl_cc13x2.a : SemaphoreP_tirtos.oem4f (.text:SemaphoreP_post)
xdc_runtime_Memory_free__E  $Tramp$TT$L$PI$$xdc_runtime_Memory_free__E
   1002f81d     000042d4     00002218   rom_sysbios.aem4f : rom_sysbios.obj (.text:_pthread_removeThreadKeys)
                             00003a38                     : rom_sysbios.obj (.text:_pthread_delete$45)
                             00003e46   release_pem4f.oem4f (.text:free)
ti_sysbios_knl_Queue_next__E  $Tramp$TT$L$PI$$ti_sysbios_knl_Queue_next__E
   1002ecd7     000042dc     000021f2   rom_sysbios.aem4f : rom_sysbios.obj (.text:_pthread_removeThreadKeys)
ti_sysbios_knl_Queue_head__E  $Tramp$TT$L$PI$$ti_sysbios_knl_Queue_head__E
   1002ecd3     000042e4     000021de   rom_sysbios.aem4f : rom_sysbios.obj (.text:_pthread_removeThreadKeys)
ti_sysbios_knl_Semaphore_pend__E  $Tramp$TT$L$PI$$ti_sysbios_knl_Semaphore_pend__E
   1002bfb1     000042ec     000021d8   rom_sysbios.aem4f : rom_sysbios.obj (.text:_pthread_removeThreadKeys)
                             00003fcc   dpl_cc13x2.a : SemaphoreP_tirtos.oem4f (.text:SemaphoreP_pend)
ti_sysbios_knl_Task_restore__E  $Tramp$TT$L$PI$$ti_sysbios_knl_Task_restore__E
   1002df45     000042f4     00001e26   rom_sysbios.aem4f : rom_sysbios.obj (.text:ti_sysbios_knl_Task_setPri__E)
                             000021cc                     : rom_sysbios.obj (.text:_pthread_removeThreadKeys)
                             0000222c                     : rom_sysbios.obj (.text:_pthread_removeThreadKeys)
                             00002e66                     : rom_sysbios.obj (.text:pthread_exit)
                             00003b6c                     : rom_sysbios.obj (.text:_pthread_cleanupFxn)
                             00003dd2   dpl_cc13x2.a : PowerCC26X2_tirtos.oem4f (.text:PowerCC26XX_schedulerRestore)
ti_sysbios_knl_Queue_enqueue__E  $Tramp$TT$L$PI$$ti_sysbios_knl_Queue_enqueue__E
   1002ebd9     000042fc     00001df8   rom_sysbios.aem4f : rom_sysbios.obj (.text:ti_sysbios_knl_Task_setPri__E)
ti_sysbios_knl_Queue_empty__E  $Tramp$TT$L$PI$$ti_sysbios_knl_Queue_empty__E
   1002eb21     00004304     00001de0   rom_sysbios.aem4f : rom_sysbios.obj (.text:ti_sysbios_knl_Task_setPri__E)
                             000021c4                     : rom_sysbios.obj (.text:_pthread_removeThreadKeys)
ti_sysbios_knl_Queue_remove__E  $Tramp$TT$L$PI$$ti_sysbios_knl_Queue_remove__E
   1002eb2f     0000430c     00001dda   rom_sysbios.aem4f : rom_sysbios.obj (.text:ti_sysbios_knl_Task_setPri__E)
                             000021fa                     : rom_sysbios.obj (.text:_pthread_removeThreadKeys)
                             00002200                     : rom_sysbios.obj (.text:_pthread_removeThreadKeys)
ti_sysbios_knl_Task_disable__E  $Tramp$TT$L$PI$$ti_sysbios_knl_Task_disable__E
   1002ea4d     00004314     00001da0   rom_sysbios.aem4f : rom_sysbios.obj (.text:ti_sysbios_knl_Task_setPri__E)
                             000021ba                     : rom_sysbios.obj (.text:_pthread_removeThreadKeys)
                             00002e5a                     : rom_sysbios.obj (.text:pthread_exit)
                             000038aa   release_pem4f.oem4f (.text:ti_sysbios_BIOS_atExitFunc__I)
                             00003b5e   rom_sysbios.aem4f : rom_sysbios.obj (.text:_pthread_cleanupFxn)
                             00003daa   dpl_cc13x2.a : PowerCC26X2_tirtos.oem4f (.text:PowerCC26XX_schedulerDisable)
ti_sysbios_knl_Clock_stop__E  $Tramp$TT$L$PI$$ti_sysbios_knl_Clock_stop__E
   1002e2c5     0000431c     0000178a   dpl_cc13x2.a : PowerCC26X2_tirtos.oem4f (.text:PowerCC26XX_standbyPolicy)
                             0000416a                : ClockP_tirtos.oem4f (.text:ClockP_stop)
ti_sysbios_knl_Clock_start__E  $Tramp$TT$L$PI$$ti_sysbios_knl_Clock_start__E
   1002e9e7     00004324     00001776   dpl_cc13x2.a : PowerCC26X2_tirtos.oem4f (.text:PowerCC26XX_standbyPolicy)
                             00004166                : ClockP_tirtos.oem4f (.text:ClockP_start)
ti_sysbios_knl_Clock_setTimeout__E  $Tramp$TT$L$PI$$ti_sysbios_knl_Clock_setTimeout__E
   1002ecc3     0000432c     00001770   dpl_cc13x2.a : PowerCC26X2_tirtos.oem4f (.text:PowerCC26XX_standbyPolicy)
                             00004162                : ClockP_tirtos.oem4f (.text:ClockP_setTimeout)
strlen                    $Tramp$TT$L$PI$$strlen
   1002fddb     00004334     000016f6   uartecho.obj (.text:mainThread)
ti_sysbios_knl_Task_create  $Tramp$TT$L$PI$$ti_sysbios_knl_Task_create
   1002d529     0000433c     00001532   rom_sysbios.aem4f : rom_sysbios.obj (.text:pthread_create)
ti_sysbios_knl_Semaphore_construct  $Tramp$TT$L$PI$$ti_sysbios_knl_Semaphore_construct
   1002ddc1     00004344     00001528   rom_sysbios.aem4f : rom_sysbios.obj (.text:pthread_create)
                             000039e2   dpl_cc13x2.a : SemaphoreP_tirtos.oem4f (.text:SemaphoreP_constructBinary)
ti_sysbios_knl_Semaphore_Params__init__S  $Tramp$TT$L$PI$$ti_sysbios_knl_Semaphore_Params__init__S
   1002ebe5     0000434c     00001516   rom_sysbios.aem4f : rom_sysbios.obj (.text:pthread_create)
                             000039d2   dpl_cc13x2.a : SemaphoreP_tirtos.oem4f (.text:SemaphoreP_constructBinary)
                             000039fc                : SemaphoreP_tirtos.oem4f (.text:SemaphoreP_createBinary)
ti_sysbios_knl_Queue_construct  $Tramp$TT$L$PI$$ti_sysbios_knl_Queue_construct
   1002dee5     00004354     0000150a   rom_sysbios.aem4f : rom_sysbios.obj (.text:pthread_create)
xdc_runtime_Memory_alloc__E  $Tramp$TT$L$PI$$xdc_runtime_Memory_alloc__E
   1002f289     0000435c     000014b2   rom_sysbios.aem4f : rom_sysbios.obj (.text:pthread_create)
                             000039ac   release_pem4f.oem4f (.text:ti_sysbios_rts_MemAlloc_alloc)
ti_sysbios_knl_Task_Params__init__S  $Tramp$TT$L$PI$$ti_sysbios_knl_Task_Params__init__S
   1002ec09     00004364     0000149e   rom_sysbios.aem4f : rom_sysbios.obj (.text:pthread_create)
ti_sysbios_family_arm_m3_Hwi_restoreFxn__E  $Tramp$TT$L$PI$$ti_sysbios_family_arm_m3_Hwi_restoreFxn__E
   1002ec47     0000436c     00000b86   drivers_cc13x2.a : UARTCC26XX.oem4f (.text:UARTCC26XX_open)
                             00000b92                    : UARTCC26XX.oem4f (.text:UARTCC26XX_open)
                             00000c1c                    : UARTCC26XX.oem4f (.text:UARTCC26XX_open)
                             00000e68                    : UARTCC26XX.oem4f (.text:UARTCC26XX_read)
                             00000ec4                    : UARTCC26XX.oem4f (.text:UARTCC26XX_read)
                             00000eec                    : UARTCC26XX.oem4f (.text:UARTCC26XX_read)
                             00000efe                    : UARTCC26XX.oem4f (.text:UARTCC26XX_read)
                             00000f48                    : UARTCC26XX.oem4f (.text:UARTCC26XX_read)
                             00000f58                    : UARTCC26XX.oem4f (.text:UARTCC26XX_read)
                             000010f6                    : GPIOCC26XX.oem4f (.text:GPIO_setConfig)
                             00001126                    : GPIOCC26XX.oem4f (.text:GPIO_setConfig)
                             0000144a                    : PINCC26XX.oem4f (.text:PINCC26XX_setIoCfg)
                             00001590                    : UARTCC26XX.oem4f (.text:UARTCC26XX_write)
                             000015b2                    : UARTCC26XX.oem4f (.text:UARTCC26XX_write)
                             00001608                    : UARTCC26XX.oem4f (.text:UARTCC26XX_write)
                             00001806                    : GPIOCC26XX.oem4f (.text:GPIO_init)
                             0000180c                    : GPIOCC26XX.oem4f (.text:GPIO_init)
                             00001950                    : PowerCC26X2.oem4f (.text:Power_releaseDependency)
                             00001aca                    : PowerCC26X2.oem4f (.text:Power_setDependency)
                             00001f80                    : UARTCC26XX.oem4f (.text:writeTxFifoFlush)
                             000020be                    : UARTCC26XX.oem4f (.text:UARTCC26XX_writeCancel)
                             000020d4                    : UARTCC26XX.oem4f (.text:UARTCC26XX_writeCancel)
                             00002108                    : UARTCC26XX.oem4f (.text:UARTCC26XX_writeCancel)
                             00002abe                    : UARTCC26XX.oem4f (.text:UARTCC26XX_control)
                             00002bf6                    : GPIOCC26XX.oem4f (.text:GPIO_write)
                             00002d9a                    : PowerCC26X2_calibrateRCOSC.oem4f (.text:PowerCC26X2_initiateCalibration)
                             00002fe2                    : UARTCC26XX.oem4f (.text:UARTCC26XX_readCancel)
                             00002ff6                    : UARTCC26XX.oem4f (.text:UARTCC26XX_readCancel)
                             00003086                    : PINCC26XX.oem4f (.text:PIN_setOutputEnable)
                             0000314a                    : PowerCC26X2.oem4f (.text:switchXOSCHF)
                             000031d0                    : RingBuf.oem4f (.text:RingBuf_put)
                             000031fa                    : RingBuf.oem4f (.text:RingBuf_put)
                             000032be                    : UART.oem4f (.text:UART_init)
                             00003402                    : RingBuf.oem4f (.text:RingBuf_get)
                             0000340a                    : RingBuf.oem4f (.text:RingBuf_get)
                             00003868                    : PowerCC26X2.oem4f (.text:Power_releaseConstraint)
                             00003898                    : PowerCC26X2.oem4f (.text:Power_setConstraint)
                             00003b0c                    : List.oem4f (.text:List_put)
                             00003b32                    : List.oem4f (.text:List_remove)
                             00003c88                    : PowerCC26X2.oem4f (.text:Power_unregisterNotify)
                             00003cae                    : UARTCC26XX.oem4f (.text:threadSafeStdbyDisRelease)
                             00003cce                    : UARTCC26XX.oem4f (.text:threadSafeStdbyDisSet)
xdc_runtime_System_doPrint__I  $Tramp$TT$L$PI$$xdc_runtime_System_doPrint__I
   1002ecf1     00004374     000008be   release_pem4f.oem4f (.text:xdc_runtime_System_printfExtend__I)

[59 trampolines]
[131 trampoline calls]


GLOBAL SYMBOLS: SORTED ALPHABETICALLY BY Name 

address   name                                                               
-------   ----                                                               
0000492c  BoardGpioInitTable                                                 
00003c35  Board_init                                                         
000003bf  Board_initHook                                                     
000024e1  Board_sendExtFlashByte                                             
00003315  Board_shutDownExtFlash                                             
00002f25  Board_wakeUpExtFlash                                               
000049e8  CONFIG_GPIO_LED_0_CONST                                            
000049e9  CONFIG_UART_0_CONST                                                
000040f9  ClockP_Params_init                                                 
00003355  ClockP_construct                                                   
0000415b  ClockP_destruct                                                    
0000415f  ClockP_getCpuFreq                                                  
0000405d  ClockP_getSystemTickPeriod                                         
1002dc11  ClockP_getSystemTicks                                              
00004163  ClockP_setTimeout                                                  
00004167  ClockP_start                                                       
0000416b  ClockP_stop                                                        
000048dc  GPIOCC26XX_config                                                  
000037b5  GPIO_hwiIntFxn                                                     
000017ed  GPIO_init                                                          
000037e5  GPIO_setCallback                                                   
00001085  GPIO_setConfig                                                     
00002ba5  GPIO_write                                                         
00004000  HEAPSIZE                                                           
00003fef  HwiP_Params_init                                                   
000034d5  HwiP_construct                                                     
0000416f  HwiP_destruct                                                      
00004173  HwiP_disable                                                       
1002ec47  HwiP_restore                                                       
UNDEFED   ITM_flush                                                          
UNDEFED   ITM_restore                                                        
00003aed  List_put                                                           
00003b13  List_remove                                                        
00003719  NOROM_AUXSYSIFOpModeChange                                         
00004069  NOROM_CPUcpsid                                                     
00004075  NOROM_CPUcpsie                                                     
00004139  NOROM_CPUdelay                                                     
00003d71  NOROM_ChipInfo_GetChipFamily                                       
0000293d  NOROM_ChipInfo_GetChipType                                         
00003205  NOROM_ChipInfo_GetHwRevision                                       
00003e4d  NOROM_ChipInfo_GetPackageType                                      
0000212d  NOROM_OSCHF_AttemptToSwitchToXosc                                  
000029a9  NOROM_OSCHF_SwitchToRcOscTurnOffXosc                               
00003b39  NOROM_OSCHF_TurnOnXosc                                             
00003395  NOROM_OSC_HPOSCRelativeFrequencyOffsetGet                          
00002e7d  NOROM_PRCMPowerDomainsAllOff                                       
00002f71  NOROM_PRCMPowerDomainsAllOn                                        
00001ed5  NOROM_SetupTrimDevice                                              
0000374d  NOROM_SysCtrlIdle                                                  
0000266d  NOROM_SysCtrlSetRechargeBeforePowerDown                            
00001291  NOROM_SysCtrlStandby                                               
00003f25  NOROM_ThisLibraryIsFor_CC13x2_CC26x2_HwRev20AndLater_HaltIfViolated
00004001  PINCC26XX_getPinCount                                              
0000499c  PINCC26XX_hwAttrs                                                  
00003815  PINCC26XX_setMux                                                   
0000285d  PIN_add                                                            
00003d35  PIN_close                                                          
0000003d  PIN_init                                                           
00001ba1  PIN_open                                                           
00004081  PIN_registerIntCb                                                  
00002c05  PIN_remove                                                         
000035c9  PIN_setConfig                                                      
00003055  PIN_setOutputEnable                                                
00003551  PIN_setOutputValue                                                 
0000309d  PowerCC26X2_RCOSC_clockFunc                                        
000027e9  PowerCC26X2_auxISR                                                 
00003f67  PowerCC26X2_calibrate                                              
000048f0  PowerCC26X2_config                                                 
00002d75  PowerCC26X2_initiateCalibration                                    
20004740  PowerCC26X2_module                                                 
00003e19  PowerCC26XX_calibrate                                              
00003da9  PowerCC26XX_schedulerDisable                                       
00003dc5  PowerCC26XX_schedulerRestore                                       
00001725  PowerCC26XX_standbyPolicy                                          
20004730  PowerCC26XX_swiKey                                                 
20004734  PowerCC26XX_taskKey                                                
0000408d  Power_getConstraintMask                                            
00004099  Power_getDependencyCount                                           
00003d53  Power_getTransitionLatency                                         
00003e65  Power_idleFunc                                                     
000009fd  Power_init                                                         
00003a9d  Power_registerNotify                                               
00003845  Power_releaseConstraint                                            
000018b1  Power_releaseDependency                                            
00003875  Power_setConstraint                                                
00001a31  Power_setDependency                                                
000003c1  Power_sleep                                                        
00003c75  Power_unregisterNotify                                             
0000437c  ROM_constStruct                                                    
000047d0  ROM_externFuncPtrs                                                 
200048b0  ROM_stateStruct                                                    
00002dcd  ResetISR                                                           
00003fb9  RingBuf_construct                                                  
000033d5  RingBuf_get                                                        
000031bd  RingBuf_put                                                        
UNDEFED   SHT$$INIT_ARRAY$$Base                                              
UNDEFED   SHT$$INIT_ARRAY$$Limit                                             
000039c1  SemaphoreP_constructBinary                                         
000039ed  SemaphoreP_createBinary                                            
000040a5  SemaphoreP_delete                                                  
00004177  SemaphoreP_destruct                                                
00003fcb  SemaphoreP_pend                                                    
0000417b  SemaphoreP_post                                                    
00004011  SwiP_Params_init                                                   
00002ed1  SwiP_construct                                                     
0000417f  SwiP_destruct                                                      
00004183  SwiP_getTrigger                                                    
00004187  SwiP_or                                                            
1002db61  SwiP_restore                                                       
00002565  UARTCC26XX_close                                                   
00002a79  UARTCC26XX_control                                                 
00004818  UARTCC26XX_fxnTable                                                
00000cd5  UARTCC26XX_hwiIntFxn                                               
00004121  UARTCC26XX_init                                                    
00000b71  UARTCC26XX_open                                                    
00000e29  UARTCC26XX_read                                                    
00002fbd  UARTCC26XX_readCancel                                              
0000413f  UARTCC26XX_readPolling                                             
00002b41  UARTCC26XX_swiIntFxn                                               
0000156d  UARTCC26XX_write                                                   
0000209b  UARTCC26XX_writeCancel                                             
00004145  UARTCC26XX_writePolling                                            
00003e7d  UART_Params_init                                                   
0000495c  UART_config                                                        
000049ea  UART_count                                                         
00004868  UART_defaultParams                                                 
[...]
1002eb13  ti_sysbios_heaps_HeapMem_restore__E                                
1002eb21  ti_sysbios_knl_Queue_empty__E                                      
1002eb2f  ti_sysbios_knl_Queue_remove__E                                     
1002eb3d  ti_sysbios_family_arm_cc26xx_TimestampProvider_getFreq__E          
1002eb3d  xdc_runtime_Timestamp_SupportProxy_getFreq__E                      
1002eb3d  xdc_runtime_Timestamp_SupportProxy_getFreq__E                      
1002eb3d  xdc_runtime_Timestamp_getFreq__E                                   
1002eb3d  xdc_runtime_Timestamp_getFreq__E                                   
1002eb49  ti_sysbios_family_arm_m3_Hwi_Params__init__S                       
1002eb49  ti_sysbios_hal_Hwi_HwiProxy_Params__init__S                        
1002eb55  ti_sysbios_family_arm_m3_Hwi_disableFxn__E                         
1002eb61  ti_sysbios_family_arm_m3_Hwi_enableFxn__E                          
1002eb6d  ti_sysbios_gates_GateHwi_enter__E                                  
1002eb79  ti_sysbios_BIOS_RtsGateProxy_Params__init__S                       
1002eb79  ti_sysbios_gates_GateMutex_Params__init__S                         
1002eb79  ti_sysbios_heaps_HeapMem_Module_GateProxy_Params__init__S          
1002eb85  ti_sysbios_heaps_HeapTrack_Params__init__S                         
1002eb91  ti_sysbios_heaps_HeapTrack_isBlocking__E                           
1002eb9d  ti_sysbios_knl_Clock_Params__init__S                               
1002eba9  ti_sysbios_knl_Clock_getTimerHandle__E                             
1002ebb5  ti_sysbios_knl_Event_Params__init__S                               
1002ebc1  ti_sysbios_knl_Mailbox_Params__init__S                             
1002ebcd  ti_sysbios_knl_Queue_dequeue__E                                    
1002ebd9  ti_sysbios_knl_Queue_enqueue__E                                    
1002ebe5  ti_sysbios_knl_Semaphore_Params__init__S                           
1002ebf1  ti_sysbios_knl_Swi_Params__init__S                                 
1002ebfd  ti_sysbios_knl_Swi_self__E                                         
1002ec09  ti_sysbios_knl_Task_Params__init__S                                
1002ec15  ti_sysbios_hal_Hwi_Instance_finalize__E                            
1002ec1f  ti_sysbios_knl_Event_Instance_init__E                              
1002ec29  ti_sysbios_family_arm_m3_Hwi_doSwiRestore__I                       
1002ec31  ti_sysbios_family_arm_m3_Hwi_startup__E                            
1002ec31  ti_sysbios_hal_Hwi_HwiProxy_startup__E                             
1002ec31  ti_sysbios_hal_Hwi_HwiProxy_startup__E                             
1002ec31  ti_sysbios_hal_Hwi_startup__E                                      
1002ec31  ti_sysbios_hal_Hwi_startup__E                                      
1002ec39  ti_sysbios_knl_Idle_loop__E                                        
1002ec41  ti_sysbios_family_arm_m3_Hwi_doTaskRestore__I                      
1002ec47  HwiP_restore                                                       
1002ec47  ti_sysbios_family_arm_m3_Hwi_restoreFxn__E                         
1002ec4d  ti_sysbios_gates_GateHwi_leave__E                                  
1002ec53  ti_sysbios_gates_GateMutex_Instance_finalize__E                    
1002ec59  ti_sysbios_heaps_HeapMem_isBlocking__E                             
1002ec5f  ti_sysbios_knl_Queue_Instance_init__E                              
1002ec65  ti_sysbios_knl_Queue_elemClear__E                                  
1002ec6b  ti_sysbios_knl_Swi_startup__E                                      
1002ec71  ti_sysbios_knl_Task_enable__E                                      
1002ec77  ti_sysbios_BIOS_RtsGateProxy_enter__E                              
1002ec7b  ti_sysbios_BIOS_RtsGateProxy_leave__E                              
1002ec7f  ti_sysbios_family_arm_cc26xx_Timer_getExpiredTicks__E              
1002ec83  ti_sysbios_family_arm_cc26xx_Timer_getPeriod__E                    
1002ec87  ti_sysbios_family_arm_cc26xx_Timer_setPeriod__E                    
1002ec8b  ti_sysbios_family_arm_m3_Hwi_delete                                
1002ec8f  ti_sysbios_family_arm_m3_TaskSupport_Module__startupDone__S        
1002ec8f  ti_sysbios_knl_Task_SupportProxy_Module__startupDone__S            
1002ec93  ti_sysbios_gates_GateHwi_query__E                                  
1002ec93  xdc_runtime_Main_Module_GateProxy_query__E                         
1002ec93  xdc_runtime_System_Module_GateProxy_query__E                       
1002ec93  xdc_runtime_System_Module_GateProxy_query__E                       
1002ec97  ti_sysbios_gates_GateMutex_delete                                  
1002ec9b  ti_sysbios_BIOS_RtsGateProxy_query__E                              
1002ec9b  ti_sysbios_BIOS_RtsGateProxy_query__E                              
1002ec9b  ti_sysbios_gates_GateMutex_query__E                                
1002ec9b  ti_sysbios_heaps_HeapMem_Module_GateProxy_query__E                 
1002ec9b  ti_sysbios_heaps_HeapMem_Module_GateProxy_query__E                 
1002ec9f  ti_sysbios_hal_Hwi_HwiProxy_create                                 
1002eca3  ti_sysbios_hal_Hwi_HwiProxy_delete                                 
1002eca7  ti_sysbios_hal_Hwi_delete                                          
1002ecab  ti_sysbios_heaps_HeapMem_Module_GateProxy_enter__E                 
1002ecaf  ti_sysbios_heaps_HeapMem_Module_GateProxy_leave__E                 
1002ecb3  ti_sysbios_knl_Clock_TimerProxy_getExpiredTicks__E                 
1002ecb7  ti_sysbios_knl_Clock_TimerProxy_getPeriod__E                       
1002ecbb  ti_sysbios_knl_Clock_delete                                        
1002ecbf  ti_sysbios_knl_Clock_removeI__E                                    
1002ecc3  ti_sysbios_knl_Clock_setTimeout__E                                 
1002ecc7  ti_sysbios_knl_Event_delete                                        
1002eccb  ti_sysbios_knl_Mailbox_delete                                      
1002eccf  ti_sysbios_knl_Queue_delete                                        
1002ecd3  ti_sysbios_knl_Queue_head__E                                       
1002ecd7  ti_sysbios_knl_Queue_next__E                                       
1002ecdb  ti_sysbios_knl_Semaphore_delete                                    
1002ecdf  ti_sysbios_knl_Swi_delete                                          
1002ece3  ti_sysbios_knl_Swi_postInit__I                                     
1002ece7  ti_sysbios_knl_Task_delete                                         
1002eceb  ti_sysbios_knl_Task_startup__E                                     
1002ecf1  xdc_runtime_System_doPrint__I                                      
1002f055  xdc_runtime_Startup_startMods__I                                   
1002f15d  xdc_runtime_Text_putSite__E                                        
1002f1f7  xdc_runtime_Error_policySpin__E                                    
1002f1f9  xdc_runtime_Text_putMod__E                                         
1002f289  xdc_runtime_Memory_alloc__E                                        
1002f2f9  xdc_runtime_Core_createObject__I                                   
1002f367  xdc_runtime_Core_deleteObject__I                                   
1002f3c5  xdc_runtime_Text_putLab__E                                         
1002f421  xdc_runtime_Assert_raise__I                                        
1002f475  xdc_runtime_Startup_exec__E                                        
1002f4c9  xdc_runtime_Core_assignParams__I                                   
1002f511  xdc_runtime_Core_constructObject__I                                
1002f559  xdc_runtime_System_atexit__E                                       
1002f5a1  xdc_runtime_Text_xprintf__I                                        
1002f5e5  xdc_runtime_System_processAtExit__E                                
1002f625  xdc_runtime_System_putchar__I                                      
1002f659  xdc_runtime_Core_assignLabel__I                                    
1002f689  xdc_runtime_Text_printVisFxn__I                                    
1002f6b9  xdc_runtime_System_vprintf__E                                      
1002f6e5  xdc_runtime_Text_cordText__E                                       
1002f711  xdc_runtime_System_abort__E                                        
1002f739  xdc_runtime_Error_raiseX__E                                        
1002f759  xdc_runtime_Registry_findById__E                                   
1002f779  xdc_runtime_Error_check__E                                         
1002f795  xdc_runtime_Memory_valloc__E                                       
1002f7b1  xdc_runtime_System_exit__E                                         
1002f7cd  xdc_runtime_Text_ropeText__E                                       
1002f7e9  xdc_runtime_System_printf__E                                       
1002f803  xdc_runtime_Core_destructObject__I                                 
1002f81b  xdc_runtime_System_abortSpin__E                                    
1002f81d  xdc_runtime_Memory_free__E                                         
1002f831  xdc_runtime_Memory_getStats__E                                     
1002f845  xdc_runtime_SysCallback_abort__E                                   
1002f845  xdc_runtime_System_SupportProxy_abort__E                           
1002f859  xdc_runtime_SysCallback_exit__E                                    
1002f859  xdc_runtime_System_SupportProxy_exit__E                            
1002f86d  xdc_runtime_SysCallback_flush__E                                   
1002f86d  xdc_runtime_System_SupportProxy_flush__E                           
1002f86d  xdc_runtime_System_flush__E                                        
1002f881  xdc_runtime_SysCallback_putch__E                                   
1002f881  xdc_runtime_System_SupportProxy_putch__E                           
1002f895  xdc_runtime_SysCallback_ready__E                                   
1002f895  xdc_runtime_System_SupportProxy_ready__E                           
1002f8a9  xdc_runtime_Memory_getMaxDefaultTypeAlign__E                       
1002f8b9  xdc_runtime_System_vsnprintf__E                                    
1002f8c9  xdc_runtime_Timestamp_SupportProxy_get32__E                        
1002f8c9  xdc_runtime_Timestamp_SupportProxy_get32__E                        
1002f8c9  xdc_runtime_Timestamp_get32__E                                     
1002f8c9  xdc_runtime_Timestamp_get32__E                                     
1002f8d9  xdc_runtime_Memory_calloc__E                                       
1002f8e5  xdc_runtime_Startup_rtsDone__E                                     
1002f8f1  xdc_runtime_Memory_HeapProxy_alloc__E                              
1002f8fb  xdc_runtime_Memory_HeapProxy_free__E                               
1002f905  xdc_runtime_Memory_HeapProxy_getStats__E                           
1002f90f  xdc_runtime_Gate_leaveSystem__E                                    
1002f915  xdc_runtime_System_Module_startup__E                               
1002f91b  xdc_runtime_Gate_enterSystem__E                                    
1002f91f  xdc_runtime_SysCallback_Module__startupDone__S                     
1002f91f  xdc_runtime_System_SupportProxy_Module__startupDone__S             
1002f923  xdc_runtime_System_Module_GateProxy_enter__E                       
1002f927  xdc_runtime_System_Module_GateProxy_leave__E                       
1002f92b  xdc_runtime_System_printf_va__F                                    
1002f92f  xdc_runtime_System_exitSpin__E                                     
1002f931  ti_sysbios_family_arm_m3_Hwi_dispatch__I                           
1002fa11  ti_sysbios_family_arm_m3_Hwi_interruptsAreDisabledButShouldNotBe   
1002fa2d  ti_sysbios_family_arm_m3_TaskSupport_buildTaskStack                
1002fab9  ti_sysbios_family_arm_m3_Hwi_initStacks__E                         
1002fb11  ti_sysbios_family_arm_m3_Hwi_pendSV__I                             
1002fb35  ti_sysbios_family_arm_m3_Hwi_return                                
1002fb39  ti_sysbios_family_arm_m3_Hwi_excHandlerAsm__I                      
1002fb59  ti_sysbios_family_xxx_Hwi_switchAndRunFunc                         
1002fb77  ti_sysbios_family_arm_m3_TaskSupport_swap__E                       
1002fb77  ti_sysbios_knl_Task_SupportProxy_swap__E                           
1002fb77  ti_sysbios_knl_Task_SupportProxy_swap__E                           
1002fb83  ti_sysbios_knl_Task_swapReturn                                     
1002fb8f  ti_sysbios_family_arm_m3_TaskSupport_glue                          
1002fba0  ti_sysbios_knl_Task_Object__PARAMS__C                              
1002fbdc  ti_sysbios_knl_Mailbox_Object__PARAMS__C                           
1002fc10  ti_sysbios_family_arm_m3_Hwi_Object__PARAMS__C                     
1002fc40  ti_sysbios_hal_Hwi_Object__PARAMS__C                               
1002fc6c  ti_sysbios_knl_Swi_Object__PARAMS__C                               
1002fc94  ti_sysbios_heaps_HeapMem_Object__PARAMS__C                         
1002fcb8  ti_sysbios_knl_Clock_Object__PARAMS__C                             
1002fcdc  ti_sysbios_knl_Semaphore_Object__PARAMS__C                         
1002fd00  ti_sysbios_gates_GateHwi_Object__PARAMS__C                         
1002fd18  ti_sysbios_gates_GateMutex_Object__PARAMS__C                       
1002fd30  ti_sysbios_knl_Event_Object__PARAMS__C                             
1002fd48  ti_sysbios_knl_Queue_Object__PARAMS__C                             
1002fd80  ti_sysbios_heaps_HeapTrack_Object__PARAMS__C                       
1002fd9c  ti_sysbios_heaps_HeapTrack_Instance_State_trackQueue__O            
1002fda0  ti_sysbios_heaps_HeapTrack_Module__diagsEnabled__C                 
1002fda4  ti_sysbios_heaps_HeapTrack_Module__diagsIncluded__C                
1002fda8  ti_sysbios_heaps_HeapTrack_Module__diagsMask__C                    
1002fddb  strlen                                                             
20000000  __start___llvm_prf_cnts                                            
20000000  __stop___llvm_prf_cnts                                             
20000000  ti_sysbios_family_arm_m3_Hwi_ramVectors                            
20000100  xdcRomConstPtr                                                     
20000104  xdcRomExternFuncPtr                                                
20000108  xdcRomStatePtr                                                     
20000110  __primary_heap_start__                                             
20004110  __primary_heap_end__                                               
20004110  ti_sysbios_knl_Task_Instance_State_0_stack__A                      
20004310  uartCC26XXObjects                                                  
200044c4  ti_sysbios_family_arm_m3_Hwi_dispatchTable                         
2000459c  pinHandleTable                                                     
20004730  PowerCC26XX_swiKey                                                 
20004734  PowerCC26XX_taskKey                                                
20004738  driverlib_release_0_58048                                          
20004740  PowerCC26X2_module                                                 
200048b0  ROM_stateStruct                                                    
200048b0  ti_sysbios_knl_Clock_Module__state__V                              
200048dc  ti_sysbios_family_arm_cc26xx_TimestampProvider_Module__state__V    
200048e0  xdc_runtime_Startup_Module__state__V                               
200048e8  xdc_runtime_Registry_Module__state__V                              
200048f0  ti_sysbios_BIOS_Module__state__V                                   
20004914  ti_sysbios_knl_Swi_Module__state__V                                
20004930  ti_sysbios_knl_Task_Module__state__V                               
20004974  xdc_runtime_Memory_Module__state__V                                
20004978  xdc_runtime_System_Module__state__V                                
20004980  ti_sysbios_family_arm_m3_Hwi_Module__state__V                      
200049b4  ti_sysbios_family_arm_cc26xx_Timer_Module__state__V                
20004a44  ti_sysbios_gates_GateMutex_Object__table__V                        
20004a98  ti_sysbios_knl_Task_Object__table__V                               
20004ae4  gpioCallbackFunctions                                              
20004ae8  ti_sysbios_family_arm_cc26xx_Timer_Object__table__V                
20004b30  ti_sysbios_knl_Swi_Module_State_0_readyQ__A                        
20004b60  ti_sysbios_knl_Swi_Object__table__V                                
20004b90  ti_sysbios_knl_Task_Module_State_0_readyQ__A                       
20004bc0  _hposcCoeffs                                                       
20004be4  ti_sysbios_knl_Clock_Object__table__V                              
20004c04  xdc_runtime_Error_IgnoreBlock                                      
20004c24  ti_sysbios_family_arm_m3_Hwi_Object__table__V                      
20004c3c  ti_sysbios_heaps_HeapMem_Object__table__V                          
20004c54  _lock                                                              
20004c58  _unlock                                                            
20004c5c  pinUpperBound                                                      
20004c60  pinLowerBound                                                      
20004c64  ti_sysbios_family_arm_m3_Hwi_Module__root__V                       
20004c6c  ti_sysbios_gates_GateHwi_Module__root__V                           
20004c74  ti_sysbios_gates_GateMutex_Module__root__V                         
20004c7c  ti_sysbios_hal_Hwi_Module__root__V                                 
20004c84  ti_sysbios_heaps_HeapMem_Module__root__V                           
20004c8c  ti_sysbios_knl_Clock_Module__root__V                               
20004c94  ti_sysbios_knl_Event_Module__root__V                               
20004c9c  ti_sysbios_knl_Mailbox_Module__root__V                             
20004ca4  ti_sysbios_knl_Queue_Module__root__V                               
20004cac  ti_sysbios_knl_Semaphore_Module__root__V                           
20004cb4  ti_sysbios_knl_Swi_Module__root__V                                 
20004cbc  ti_sysbios_knl_Task_Module__root__V                                
20004cc4  xdc_runtime_System_Module_State_0_atexitHandlers__A                
20004cd2  ti_sysbios_family_arm_m3_Hwi_Module_State_0_excActive__A           
20004cd4  gpioPinConfigs                                                     
20004cdc  main_func_sp                                                       
20004ce0  ti_sysbios_family_arm_m3_Hwi_Module_State_0_excContext__A          
20004ce4  ti_sysbios_family_arm_m3_Hwi_Module_State_0_excStack__A            
20004ce8  ti_sysbios_knl_Task_Module_State_0_idleTask__A                     
20013c00  __stack                                                            
20014000  __STACK_END                                                        
e000e000  ti_sysbios_family_arm_m3_Hwi_nvic                                  
ffffffff  __TI_pprof_out_hndl                                                
ffffffff  __TI_prof_data_size                                                
ffffffff  __TI_prof_data_start                                               
ffffffff  __binit__                                                          
ffffffff  __c_args__                                                         
ffffffff  binit                                                              
UNDEFED   ITM_flush                                                          
UNDEFED   ITM_restore                                                        
UNDEFED   SHT$$INIT_ARRAY$$Base                                              
UNDEFED   SHT$$INIT_ARRAY$$Limit                                             

[847 symbols]
